Archive member included to satisfy reference by file (symbol)

/usr/lib/gcc/arm-none-eabi/10.3.1/thumb/v6-m/nofp/libgcc.a(_dvmd_tls.o)
                              CMakeFiles/application.dir/home/radon/Documents/temp/pico/pico-sdk/src/rp2_common/pico_divider/divider.S.obj (__aeabi_idiv0)
/usr/lib/gcc/arm-none-eabi/10.3.1/../../../arm-none-eabi/lib/thumb/v6-m/nofp/libc.a(lib_a-atexit.o)
                              /usr/lib/gcc/arm-none-eabi/10.3.1/../../../arm-none-eabi/lib/thumb/v6-m/nofp/crt0.o (atexit)
/usr/lib/gcc/arm-none-eabi/10.3.1/../../../arm-none-eabi/lib/thumb/v6-m/nofp/libc.a(lib_a-calloc.o)
                              CMakeFiles/application.dir/home/radon/Documents/temp/pico/pico-sdk/src/rp2_common/pico_malloc/pico_malloc.c.obj (calloc)
/usr/lib/gcc/arm-none-eabi/10.3.1/../../../arm-none-eabi/lib/thumb/v6-m/nofp/libc.a(lib_a-callocr.o)
                              /usr/lib/gcc/arm-none-eabi/10.3.1/../../../arm-none-eabi/lib/thumb/v6-m/nofp/libc.a(lib_a-calloc.o) (_calloc_r)
/usr/lib/gcc/arm-none-eabi/10.3.1/../../../arm-none-eabi/lib/thumb/v6-m/nofp/libc.a(lib_a-fini.o)
                              /usr/lib/gcc/arm-none-eabi/10.3.1/../../../arm-none-eabi/lib/thumb/v6-m/nofp/crt0.o (__libc_fini_array)
/usr/lib/gcc/arm-none-eabi/10.3.1/../../../arm-none-eabi/lib/thumb/v6-m/nofp/libc.a(lib_a-impure.o)
                              /usr/lib/gcc/arm-none-eabi/10.3.1/../../../arm-none-eabi/lib/thumb/v6-m/nofp/libc.a(lib_a-calloc.o) (_impure_ptr)
/usr/lib/gcc/arm-none-eabi/10.3.1/../../../arm-none-eabi/lib/thumb/v6-m/nofp/libc.a(lib_a-init.o)
                              /usr/lib/gcc/arm-none-eabi/10.3.1/../../../arm-none-eabi/lib/thumb/v6-m/nofp/crt0.o (__libc_init_array)
/usr/lib/gcc/arm-none-eabi/10.3.1/../../../arm-none-eabi/lib/thumb/v6-m/nofp/libc.a(lib_a-malloc.o)
                              CMakeFiles/application.dir/home/radon/Documents/temp/pico/pico-sdk/src/rp2_common/pico_malloc/pico_malloc.c.obj (malloc)
/usr/lib/gcc/arm-none-eabi/10.3.1/../../../arm-none-eabi/lib/thumb/v6-m/nofp/libc.a(lib_a-mallocr.o)
                              /usr/lib/gcc/arm-none-eabi/10.3.1/../../../arm-none-eabi/lib/thumb/v6-m/nofp/libc.a(lib_a-callocr.o) (_malloc_r)
/usr/lib/gcc/arm-none-eabi/10.3.1/../../../arm-none-eabi/lib/thumb/v6-m/nofp/libc.a(lib_a-mlock.o)
                              /usr/lib/gcc/arm-none-eabi/10.3.1/../../../arm-none-eabi/lib/thumb/v6-m/nofp/libc.a(lib_a-mallocr.o) (__malloc_lock)
/usr/lib/gcc/arm-none-eabi/10.3.1/../../../arm-none-eabi/lib/thumb/v6-m/nofp/libc.a(lib_a-realloc.o)
                              CMakeFiles/application.dir/home/radon/Documents/temp/pico/pico-sdk/src/rp2_common/pico_malloc/pico_malloc.c.obj (realloc)
/usr/lib/gcc/arm-none-eabi/10.3.1/../../../arm-none-eabi/lib/thumb/v6-m/nofp/libc.a(lib_a-reallocr.o)
                              /usr/lib/gcc/arm-none-eabi/10.3.1/../../../arm-none-eabi/lib/thumb/v6-m/nofp/libc.a(lib_a-realloc.o) (_realloc_r)
/usr/lib/gcc/arm-none-eabi/10.3.1/../../../arm-none-eabi/lib/thumb/v6-m/nofp/libc.a(lib_a-sbrkr.o)
                              /usr/lib/gcc/arm-none-eabi/10.3.1/../../../arm-none-eabi/lib/thumb/v6-m/nofp/libc.a(lib_a-mallocr.o) (_sbrk_r)
/usr/lib/gcc/arm-none-eabi/10.3.1/../../../arm-none-eabi/lib/thumb/v6-m/nofp/libc.a(lib_a-sscanf.o)
                              CMakeFiles/application.dir/app/src/main.cpp.obj (sscanf)
/usr/lib/gcc/arm-none-eabi/10.3.1/../../../arm-none-eabi/lib/thumb/v6-m/nofp/libc.a(lib_a-stdio.o)
                              /usr/lib/gcc/arm-none-eabi/10.3.1/../../../arm-none-eabi/lib/thumb/v6-m/nofp/libc.a(lib_a-sscanf.o) (__seofread)
/usr/lib/gcc/arm-none-eabi/10.3.1/../../../arm-none-eabi/lib/thumb/v6-m/nofp/libc.a(lib_a-strlen-stub.o)
                              CMakeFiles/application.dir/home/radon/Documents/temp/pico/pico-sdk/src/rp2_common/pico_stdio/stdio.c.obj (strlen)
/usr/lib/gcc/arm-none-eabi/10.3.1/../../../arm-none-eabi/lib/thumb/v6-m/nofp/libc.a(lib_a-svfscanf.o)
                              /usr/lib/gcc/arm-none-eabi/10.3.1/../../../arm-none-eabi/lib/thumb/v6-m/nofp/libc.a(lib_a-sscanf.o) (__ssvfscanf_r)
/usr/lib/gcc/arm-none-eabi/10.3.1/../../../arm-none-eabi/lib/thumb/v6-m/nofp/libc.a(lib_a-writer.o)
                              /usr/lib/gcc/arm-none-eabi/10.3.1/../../../arm-none-eabi/lib/thumb/v6-m/nofp/libc.a(lib_a-stdio.o) (_write_r)
/usr/lib/gcc/arm-none-eabi/10.3.1/../../../arm-none-eabi/lib/thumb/v6-m/nofp/libc.a(lib_a-__atexit.o)
                              /usr/lib/gcc/arm-none-eabi/10.3.1/../../../arm-none-eabi/lib/thumb/v6-m/nofp/libc.a(lib_a-atexit.o) (__register_exitproc)
/usr/lib/gcc/arm-none-eabi/10.3.1/../../../arm-none-eabi/lib/thumb/v6-m/nofp/libc.a(lib_a-closer.o)
                              /usr/lib/gcc/arm-none-eabi/10.3.1/../../../arm-none-eabi/lib/thumb/v6-m/nofp/libc.a(lib_a-stdio.o) (_close_r)
/usr/lib/gcc/arm-none-eabi/10.3.1/../../../arm-none-eabi/lib/thumb/v6-m/nofp/libc.a(lib_a-ctype_.o)
[...]
Memory Configuration

Name             Origin             Length             Attributes
FLASH            0x0000000010000000 0x0000000000200000 xr
RAM              0x0000000020000000 0x0000000000040000 xrw
SCRATCH_X        0x0000000020040000 0x0000000000001000 xrw
SCRATCH_Y        0x0000000020041000 0x0000000000001000 xrw
*default*        0x0000000000000000 0xffffffffffffffff

Linker script and memory map

LOAD /usr/lib/gcc/arm-none-eabi/10.3.1/thumb/v6-m/nofp/crti.o
LOAD /usr/lib/gcc/arm-none-eabi/10.3.1/thumb/v6-m/nofp/crtbegin.o
LOAD /usr/lib/gcc/arm-none-eabi/10.3.1/../../../arm-none-eabi/lib/thumb/v6-m/nofp/crt0.o

.flash_begin    0x0000000010000000        0x0
                0x0000000010000000                __flash_binary_start = .

.boot2          0x0000000010000000      0x100
                0x0000000010000000                __boot2_start__ = .
 *(.boot2)
 .boot2         0x0000000010000000      0x100 /tmp/cclp4pWd.o
                0x0000000010000100                __boot2_end__ = .
                0x0000000000000001                ASSERT (((__boot2_end__ - __boot2_start__) == 0x100), ERROR: Pico second stage bootloader must be 256 bytes in size)

.text           0x0000000010000100     0xd5e0
                0x0000000010000100                __logical_binary_start = .
 *(.vectors)
 .vectors       0x0000000010000100       0xd4 CMakeFiles/application.dir/home/radon/Documents/temp/pico/pico-sdk/src/rp2_common/pico_standard_link/crt0.S.obj
                0x0000000010000100                __vectors
                0x0000000010000100                __VECTOR_TABLE
                0x00000000100001c0                isr_invalid
                0x00000000100001c0                __default_isrs_start
                0x00000000100001c2                isr_nmi
                0x00000000100001c4                isr_hardfault
                0x00000000100001c6                isr_svcall
                0x00000000100001c8                isr_pendsv
                0x00000000100001ca                isr_systick
                0x00000000100001cc                isr_irq30
                0x00000000100001cc                __unhandled_user_irq
                0x00000000100001cc                isr_irq13
                0x00000000100001cc                isr_irq27
                0x00000000100001cc                isr_irq31
                0x00000000100001cc                isr_irq5
                0x00000000100001cc                isr_irq11
                0x00000000100001cc                isr_irq23
                0x00000000100001cc                isr_irq18
                0x00000000100001cc                isr_irq28
                0x00000000100001cc                isr_irq19
                0x00000000100001cc                isr_irq0
                0x00000000100001cc                isr_irq6
                0x00000000100001cc                isr_irq22
                0x00000000100001cc                isr_irq17
                0x00000000100001cc                isr_irq14
                0x00000000100001cc                isr_irq2
                0x00000000100001cc                isr_irq10
                0x00000000100001cc                isr_irq8
                0x00000000100001cc                isr_irq24
                0x00000000100001cc                isr_irq1
                0x00000000100001cc                isr_irq7
                0x00000000100001cc                isr_irq21
                0x00000000100001cc                isr_irq20
                0x00000000100001cc                isr_irq15
                0x00000000100001cc                isr_irq25
                0x00000000100001cc                isr_irq4
                0x00000000100001cc                isr_irq16
                0x00000000100001cc                isr_irq29
                0x00000000100001cc                isr_irq26
                0x00000000100001cc                __default_isrs_end
                0x00000000100001cc                isr_irq3
                0x00000000100001cc                isr_irq12
                0x00000000100001cc                isr_irq9
                0x00000000100001d2                unhandled_user_irq_num_in_r0
 *(.binary_info_header)
 .binary_info_header
                0x00000000100001d4       0x14 CMakeFiles/application.dir/home/radon/Documents/temp/pico/pico-sdk/src/rp2_common/pico_standard_link/crt0.S.obj
                0x00000000100001e8                __binary_info_header_end = .
 *(.reset)
 .reset         0x00000000100001e8       0xa8 CMakeFiles/application.dir/home/radon/Documents/temp/pico/pico-sdk/src/rp2_common/pico_standard_link/crt0.S.obj
                0x00000000100001e8                _entry_point
                0x0000000010000266                __get_current_exception
 .reset         0x0000000010000290       0x30 CMakeFiles/application.dir/home/radon/Documents/temp/pico/pico-sdk/src/rp2_common/pico_standard_link/binary_info.c.obj
 *(.init)
 .init          0x00000000100002c0        0x4 /usr/lib/gcc/arm-none-eabi/10.3.1/thumb/v6-m/nofp/crti.o
                0x00000000100002c0                _init
 *(EXCLUDE_FILE(*libm.a: *libc.a:*lib_a-mem*.o *libgcc.a:) .text*)
 .text          0x00000000100002c4       0x98 /usr/lib/gcc/arm-none-eabi/10.3.1/thumb/v6-m/nofp/crtbegin.o
 .text._Z11core1_entryv
                0x000000001000035c       0x10 CMakeFiles/application.dir/app/src/main.cpp.obj
                0x000000001000035c                core1_entry()
 .text.startup.main
                0x000000001000036c       0x74 CMakeFiles/application.dir/app/src/main.cpp.obj
                0x000000001000036c                main
 .text.hw_claim_or_assert
                0x00000000100003e0       0x44 CMakeFiles/application.dir/home/radon/Documents/temp/pico/pico-sdk/src/rp2_common/hardware_claim/claim.c.obj
                0x00000000100003e0                hw_claim_or_assert
 .text.hw_claim_unused_from_range
                0x0000000010000424       0x9c CMakeFiles/application.dir/home/radon/Documents/temp/pico/pico-sdk/src/rp2_common/hardware_claim/claim.c.obj
                0x0000000010000424                hw_claim_unused_from_range
 .text.running_on_fpga
                0x00000000100004c0       0x10 CMakeFiles/application.dir/home/radon/Documents/temp/pico/pico-sdk/src/rp2_common/pico_platform/platform.c.obj
                0x00000000100004c0                running_on_fpga
 .text.spin_locks_reset
                0x00000000100004d0       0x1c CMakeFiles/application.dir/home/radon/Documents/temp/pico/pico-sdk/src/rp2_common/hardware_sync/sync.c.obj
                0x00000000100004d0                spin_locks_reset
 .text.next_striped_spin_lock_num
                0x00000000100004ec       0x18 CMakeFiles/application.dir/home/radon/Documents/temp/pico/pico-sdk/src/rp2_common/hardware_sync/sync.c.obj
                0x00000000100004ec                next_striped_spin_lock_num
 .text.spin_lock_claim_unused
                0x0000000010000504       0x20 CMakeFiles/application.dir/home/radon/Documents/temp/pico/pico-sdk/src/rp2_common/hardware_sync/sync.c.obj
                0x0000000010000504                spin_lock_claim_unused
 .text.irq_set_enabled
                0x0000000010000524       0x24 CMakeFiles/application.dir/home/radon/Documents/temp/pico/pico-sdk/src/rp2_common/hardware_irq/irq.c.obj
                0x0000000010000524                irq_set_enabled
 .text.irq_is_enabled
                0x0000000010000548       0x18 CMakeFiles/application.dir/home/radon/Documents/temp/pico/pico-sdk/src/rp2_common/hardware_irq/irq.c.obj
                0x0000000010000548                irq_is_enabled
 .text.irq_set_pending
                0x0000000010000560       0x10 CMakeFiles/application.dir/home/radon/Documents/temp/pico/pico-sdk/src/rp2_common/hardware_irq/irq.c.obj
                0x0000000010000560                irq_set_pending
 .text.irq_has_shared_handler
                0x0000000010000570       0x2c CMakeFiles/application.dir/home/radon/Documents/temp/pico/pico-sdk/src/rp2_common/hardware_irq/irq.c.obj
                0x0000000010000570                irq_has_shared_handler
 .text.irq_get_vtable_handler
                0x000000001000059c       0x10 CMakeFiles/application.dir/home/radon/Documents/temp/pico/pico-sdk/src/rp2_common/hardware_irq/irq.c.obj
                0x000000001000059c                irq_get_vtable_handler
 .text.irq_set_exclusive_handler
                0x00000000100005ac       0x54 CMakeFiles/application.dir/home/radon/Documents/temp/pico/pico-sdk/src/rp2_common/hardware_irq/irq.c.obj
                0x00000000100005ac                irq_set_exclusive_handler
 .text.irq_add_shared_handler
                0x0000000010000600      0x1e4 CMakeFiles/application.dir/home/radon/Documents/temp/pico/pico-sdk/src/rp2_common/hardware_irq/irq.c.obj
                0x0000000010000600                irq_add_shared_handler
 .text.irq_remove_handler
                0x00000000100007e4      0x1b4 CMakeFiles/application.dir/home/radon/Documents/temp/pico/pico-sdk/src/rp2_common/hardware_irq/irq.c.obj
                0x00000000100007e4                irq_remove_handler
 .text.irq_add_tail_to_free_list
                0x0000000010000998       0xb4 CMakeFiles/application.dir/home/radon/Documents/temp/pico/pico-sdk/src/rp2_common/hardware_irq/irq.c.obj
                0x0000000010000998                irq_add_tail_to_free_list
 .text.irq_init_priorities
                0x0000000010000a4c       0x24 CMakeFiles/application.dir/home/radon/Documents/temp/pico/pico-sdk/src/rp2_common/hardware_irq/irq.c.obj
                0x0000000010000a4c                irq_init_priorities
 .text.user_irq_claim_unused
                0x0000000010000a70       0x30 CMakeFiles/application.dir/home/radon/Documents/temp/pico/pico-sdk/src/rp2_common/hardware_irq/irq.c.obj
                0x0000000010000a70                user_irq_claim_unused
 .text.lock_init
                0x0000000010000aa0       0x10 CMakeFiles/application.dir/home/radon/Documents/temp/pico/pico-sdk/src/common/pico_sync/lock_core.c.obj
                0x0000000010000aa0                lock_init
 .text.timer_pool_entry_comparator
                0x0000000010000ab0       0x34 CMakeFiles/application.dir/home/radon/Documents/temp/pico/pico-sdk/src/common/pico_time/time.c.obj
                0x0000000010000ab0                timer_pool_entry_comparator
 .text.sleep_until_callback
                0x0000000010000ae4       0x30 CMakeFiles/application.dir/home/radon/Documents/temp/pico/pico-sdk/src/common/pico_time/time.c.obj
 .text.add_alarm_under_lock.isra.0
                0x0000000010000b14      0x100 CMakeFiles/application.dir/home/radon/Documents/temp/pico/pico-sdk/src/common/pico_time/time.c.obj
 .text.alarm_pool_alarm_callback
                0x0000000010000c14      0x1c8 CMakeFiles/application.dir/home/radon/Documents/temp/pico/pico-sdk/src/common/pico_time/time.c.obj
 .text.alarm_pool_add_alarm_at.constprop.0
                0x0000000010000ddc      0x11c CMakeFiles/application.dir/home/radon/Documents/temp/pico/pico-sdk/src/common/pico_time/time.c.obj
 .text.alarm_pool_init_default
                0x0000000010000ef8       0x64 CMakeFiles/application.dir/home/radon/Documents/temp/pico/pico-sdk/src/common/pico_time/time.c.obj
                0x0000000010000ef8                alarm_pool_init_default
 .text.alarm_pool_get_default
                0x0000000010000f5c        0x8 CMakeFiles/application.dir/home/radon/Documents/temp/pico/pico-sdk/src/common/pico_time/time.c.obj
                0x0000000010000f5c                alarm_pool_get_default
 .text.alarm_pool_add_alarm_at
                0x0000000010000f64      0x194 CMakeFiles/application.dir/home/radon/Documents/temp/pico/pico-sdk/src/common/pico_time/time.c.obj
                0x0000000010000f64                alarm_pool_add_alarm_at
 .text.best_effort_wfe_or_timeout
                0x00000000100010f8       0xd4 CMakeFiles/application.dir/home/radon/Documents/temp/pico/pico-sdk/src/common/pico_time/time.c.obj
                0x00000000100010f8                best_effort_wfe_or_timeout
 .text.hardware_alarm_irq_handler
                0x00000000100011cc       0xb8 CMakeFiles/application.dir/home/radon/Documents/temp/pico/pico-sdk/src/rp2_common/hardware_timer/timer.c.obj
 .text.hardware_alarm_claim
                0x0000000010001284       0x18 CMakeFiles/application.dir/home/radon/Documents/temp/pico/pico-sdk/src/rp2_common/hardware_timer/timer.c.obj
                0x0000000010001284                hardware_alarm_claim
 .text.time_us_64
                0x000000001000129c       0x14 CMakeFiles/application.dir/home/radon/Documents/temp/pico/pico-sdk/src/rp2_common/hardware_timer/timer.c.obj
                0x000000001000129c                time_us_64
 .text.busy_wait_us
                0x00000000100012b0       0x54 CMakeFiles/application.dir/home/radon/Documents/temp/pico/pico-sdk/src/rp2_common/hardware_timer/timer.c.obj
                0x00000000100012b0                busy_wait_us
 .text.hardware_alarm_set_callback
                0x0000000010001304       0x8c CMakeFiles/application.dir/home/radon/Documents/temp/pico/pico-sdk/src/rp2_common/hardware_timer/timer.c.obj
                0x0000000010001304                hardware_alarm_set_callback
 .text.hardware_alarm_set_target
                0x0000000010001390       0xe0 CMakeFiles/application.dir/home/radon/Documents/temp/pico/pico-sdk/src/rp2_common/hardware_timer/timer.c.obj
                0x0000000010001390                hardware_alarm_set_target
 .text.hardware_alarm_cancel
                0x0000000010001470       0x3c CMakeFiles/application.dir/home/radon/Documents/temp/pico/pico-sdk/src/rp2_common/hardware_timer/timer.c.obj
                0x0000000010001470                hardware_alarm_cancel
 .text.ph_merge_nodes
                0x00000000100014ac       0x68 CMakeFiles/application.dir/home/radon/Documents/temp/pico/pico-sdk/src/common/pico_util/pheap.c.obj
 .text.ph_post_alloc_init
                0x0000000010001514       0x3c CMakeFiles/application.dir/home/radon/Documents/temp/pico/pico-sdk/src/common/pico_util/pheap.c.obj
                0x0000000010001514                ph_post_alloc_init
 .text.ph_merge_two_pass
                0x0000000010001550       0x90 CMakeFiles/application.dir/home/radon/Documents/temp/pico/pico-sdk/src/common/pico_util/pheap.c.obj
                0x0000000010001550                ph_merge_two_pass
 .text.ph_remove_any_head
                0x00000000100015e0       0xf8 CMakeFiles/application.dir/home/radon/Documents/temp/pico/pico-sdk/src/common/pico_util/pheap.c.obj
 .text.ph_remove_head
                0x00000000100016d8       0xfc CMakeFiles/application.dir/home/radon/Documents/temp/pico/pico-sdk/src/common/pico_util/pheap.c.obj
                0x00000000100016d8                ph_remove_head
 .text.ph_remove_and_free_node
                0x00000000100017d4       0x7c CMakeFiles/application.dir/home/radon/Documents/temp/pico/pico-sdk/src/common/pico_util/pheap.c.obj
                0x00000000100017d4                ph_remove_and_free_node
 .text.mutex_init
                0x0000000010001850       0x1c CMakeFiles/application.dir/home/radon/Documents/temp/pico/pico-sdk/src/common/pico_sync/mutex.c.obj
                0x0000000010001850                mutex_init
 .text.recursive_mutex_init
                0x000000001000186c       0x1c CMakeFiles/application.dir/home/radon/Documents/temp/pico/pico-sdk/src/common/pico_sync/mutex.c.obj
                0x000000001000186c                recursive_mutex_init
 .text.critical_section_init
                0x0000000010001888       0x20 CMakeFiles/application.dir/home/radon/Documents/temp/pico/pico-sdk/src/common/pico_sync/critical_section.c.obj
                0x0000000010001888                critical_section_init
 .text.runtime_init
                0x00000000100018a8       0xf0 CMakeFiles/application.dir/home/radon/Documents/temp/pico/pico-sdk/src/rp2_common/pico_runtime/runtime.c.obj
                0x00000000100018a8                runtime_init
 .text._sbrk    0x0000000010001998       0x34 CMakeFiles/application.dir/home/radon/Documents/temp/pico/pico-sdk/src/rp2_common/pico_runtime/runtime.c.obj
                0x0000000010001998                _sbrk
 .text.exit     0x00000000100019cc        0x4 CMakeFiles/application.dir/home/radon/Documents/temp/pico/pico-sdk/src/rp2_common/pico_runtime/runtime.c.obj
                0x00000000100019cc                exit
 .text.__assert_func
                0x00000000100019d0       0x34 CMakeFiles/application.dir/home/radon/Documents/temp/pico/pico-sdk/src/rp2_common/pico_runtime/runtime.c.obj
                0x00000000100019d0                __assert_func
 .text.panic    0x0000000010001a04       0x30 CMakeFiles/application.dir/home/radon/Documents/temp/pico/pico-sdk/src/rp2_common/pico_runtime/runtime.c.obj
                0x0000000010001a04                panic
 .text.hard_assertion_failure
                0x0000000010001a34        0xc CMakeFiles/application.dir/home/radon/Documents/temp/pico/pico-sdk/src/rp2_common/pico_runtime/runtime.c.obj
                0x0000000010001a34                hard_assertion_failure
 .text.clocks_init
                0x0000000010001a40      0x2bc CMakeFiles/application.dir/home/radon/Documents/temp/pico/pico-sdk/src/rp2_common/hardware_clocks/clocks.c.obj
                0x0000000010001a40                clocks_init
 .text.pll_init
                0x0000000010001cfc       0xb0 CMakeFiles/application.dir/home/radon/Documents/temp/pico/pico-sdk/src/rp2_common/hardware_pll/pll.c.obj
                0x0000000010001cfc                pll_init
 .text.watchdog_start_tick
                0x0000000010001dac       0x10 CMakeFiles/application.dir/home/radon/Documents/temp/pico/pico-sdk/src/rp2_common/hardware_watchdog/watchdog.c.obj
                0x0000000010001dac                watchdog_start_tick
 .text.watchdog_reboot
                0x0000000010001dbc       0x98 CMakeFiles/application.dir/home/radon/Documents/temp/pico/pico-sdk/src/rp2_common/hardware_watchdog/watchdog.c.obj
                0x0000000010001dbc                watchdog_reboot
 .text.xosc_init
                0x0000000010001e54       0x28 CMakeFiles/application.dir/home/radon/Documents/temp/pico/pico-sdk/src/rp2_common/hardware_xosc/xosc.c.obj
                0x0000000010001e54                xosc_init
 .text._out_buffer
                0x0000000010001e7c        0x8 CMakeFiles/application.dir/home/radon/Documents/temp/pico/pico-sdk/src/rp2_common/pico_printf/printf.c.obj
 .text._out_null
                0x0000000010001e84        0x4 CMakeFiles/application.dir/home/radon/Documents/temp/pico/pico-sdk/src/rp2_common/pico_printf/printf.c.obj
 .text._out_rev
                0x0000000010001e88       0x9c CMakeFiles/application.dir/home/radon/Documents/temp/pico/pico-sdk/src/rp2_common/pico_printf/printf.c.obj
 .text._ntoa_format
                0x0000000010001f24      0x1cc CMakeFiles/application.dir/home/radon/Documents/temp/pico/pico-sdk/src/rp2_common/pico_printf/printf.c.obj
 .text._out_char
                0x00000000100020f0       0x10 CMakeFiles/application.dir/home/radon/Documents/temp/pico/pico-sdk/src/rp2_common/pico_printf/printf.c.obj
 .text._etoa    0x0000000010002100      0x44c CMakeFiles/application.dir/home/radon/Documents/temp/pico/pico-sdk/src/rp2_common/pico_printf/printf.c.obj
 .text._ftoa    0x000000001000254c      0x398 CMakeFiles/application.dir/home/radon/Documents/temp/pico/pico-sdk/src/rp2_common/pico_printf/printf.c.obj
 .text._vsnprintf
                0x00000000100028e4      0xb04 CMakeFiles/application.dir/home/radon/Documents/temp/pico/pico-sdk/src/rp2_common/pico_printf/printf.c.obj
 .text.__wrap_sprintf
                0x00000000100033e8       0x28 CMakeFiles/application.dir/home/radon/Documents/temp/pico/pico-sdk/src/rp2_common/pico_printf/printf.c.obj
                0x00000000100033e8                __wrap_sprintf
 .text.weak_raw_printf
                0x0000000010003410       0x40 CMakeFiles/application.dir/home/radon/Documents/temp/pico/pico-sdk/src/rp2_common/pico_printf/printf.c.obj
                0x0000000010003410                weak_raw_printf
 .text.weak_raw_vprintf
                0x0000000010003450       0x30 CMakeFiles/application.dir/home/radon/Documents/temp/pico/pico-sdk/src/rp2_common/pico_printf/printf.c.obj
                0x0000000010003450                weak_raw_vprintf
 .text          0x0000000010003480       0x10 CMakeFiles/application.dir/home/radon/Documents/temp/pico/pico-sdk/src/rp2_common/pico_bit_ops/bit_ops_aeabi.S.obj
 .text.rom_func_lookup
                0x0000000010003490       0x10 CMakeFiles/application.dir/home/radon/Documents/temp/pico/pico-sdk/src/rp2_common/pico_bootrom/bootrom.c.obj
                0x0000000010003490                rom_func_lookup
 .text.rom_data_lookup
                0x00000000100034a0       0x10 CMakeFiles/application.dir/home/radon/Documents/temp/pico/pico-sdk/src/rp2_common/pico_bootrom/bootrom.c.obj
                0x00000000100034a0                rom_data_lookup
 .text.rom_funcs_lookup
                0x00000000100034b0       0x44 CMakeFiles/application.dir/home/radon/Documents/temp/pico/pico-sdk/src/rp2_common/pico_bootrom/bootrom.c.obj
                0x00000000100034b0                rom_funcs_lookup
 .text.__wrap___aeabi_idiv
                0x00000000100034f4       0x50 CMakeFiles/application.dir/home/radon/Documents/temp/pico/pico-sdk/src/rp2_common/pico_divider/divider.S.obj
                0x00000000100034f4                __wrap___aeabi_idivmod
                0x00000000100034f4                divmod_s32s32
                0x00000000100034f4                div_s32s32
                0x00000000100034f4                __wrap___aeabi_idiv
                0x00000000100034fc                divmod_s32s32_unsafe
                0x0000000010003528                divmod_s32s32_savestate
 .text.__wrap___aeabi_uidiv
                0x0000000010003544       0x4c CMakeFiles/application.dir/home/radon/Documents/temp/pico/pico-sdk/src/rp2_common/pico_divider/divider.S.obj
                0x0000000010003544                __wrap___aeabi_uidiv
                0x0000000010003544                __wrap___aeabi_uidivmod
                0x0000000010003544                div_u32u32
                0x0000000010003544                divmod_u32u32
                0x000000001000354c                divmod_u32u32_unsafe
                0x0000000010003574                divmod_u32u32_savestate
 .text.__wrap___aeabi_ldiv
                0x0000000010003590      0x434 CMakeFiles/application.dir/home/radon/Documents/temp/pico/pico-sdk/src/rp2_common/pico_divider/divider.S.obj
                0x0000000010003590                div_s64s64
                0x0000000010003590                divmod_s64s64
                0x0000000010003590                __wrap___aeabi_ldivmod
                0x00000000100035c8                div_u64u64
                0x00000000100035c8                divmod_u64u64
                0x00000000100035c8                __wrap___aeabi_uldivmod
                0x00000000100035d8                divmod_u64u64_savestate
                0x0000000010003600                divmod_s64s64_unsafe
                0x0000000010003688                divmod_u64u64_unsafe
 .text.__wrap___aeabi_darithmetic
                0x00000000100039c4       0x80 CMakeFiles/application.dir/home/radon/Documents/temp/pico/pico-sdk/src/rp2_common/pico_double/double_aeabi.S.obj
                0x00000000100039c4                __wrap___aeabi_drsub
                0x00000000100039ca                __wrap___aeabi_dsub
                0x00000000100039dc                __wrap___aeabi_dadd
                0x00000000100039ee                __wrap___aeabi_ddiv
                0x0000000010003a2a                __wrap___aeabi_dmul
 .text.__wrap___aeabi_cdcmple
                0x0000000010003a44       0x6c CMakeFiles/application.dir/home/radon/Documents/temp/pico/pico-sdk/src/rp2_common/pico_double/double_aeabi.S.obj
                0x0000000010003a44                __wrap___aeabi_cdrcmple
                0x0000000010003a54                __wrap___aeabi_cdcmple
                0x0000000010003a54                __wrap___aeabi_cdcmpeq
 .text.__wrap___aeabi_dcmpeq
                0x0000000010003ab0       0x10 CMakeFiles/application.dir/home/radon/Documents/temp/pico/pico-sdk/src/rp2_common/pico_double/double_aeabi.S.obj
                0x0000000010003ab0                __wrap___aeabi_dcmpeq
 .text.__wrap___aeabi_dcmplt
                0x0000000010003ac0        0xc CMakeFiles/application.dir/home/radon/Documents/temp/pico/pico-sdk/src/rp2_common/pico_double/double_aeabi.S.obj
                0x0000000010003ac0                __wrap___aeabi_dcmplt
 .text.__wrap___aeabi_dcmple
                0x0000000010003acc       0x10 CMakeFiles/application.dir/home/radon/Documents/temp/pico/pico-sdk/src/rp2_common/pico_double/double_aeabi.S.obj
                0x0000000010003acc                __wrap___aeabi_dcmple
 .text.__wrap___aeabi_dcmpge
                0x0000000010003adc       0x10 CMakeFiles/application.dir/home/radon/Documents/temp/pico/pico-sdk/src/rp2_common/pico_double/double_aeabi.S.obj
                0x0000000010003adc                __wrap___aeabi_dcmpge
 .text.__wrap___aeabi_dcmpgt
                0x0000000010003aec        0xa CMakeFiles/application.dir/home/radon/Documents/temp/pico/pico-sdk/src/rp2_common/pico_double/double_aeabi.S.obj
                0x0000000010003aec                __wrap___aeabi_dcmpgt
 .text.__wrap___aeabi_dcmpun
                0x0000000010003af6       0x1c CMakeFiles/application.dir/home/radon/Documents/temp/pico/pico-sdk/src/rp2_common/pico_double/double_aeabi.S.obj
                0x0000000010003af6                __wrap___aeabi_dcmpun
 *fill*         0x0000000010003b12        0x2 
 .text.__wrap___aeabi_i2d
                0x0000000010003b14       0x38 CMakeFiles/application.dir/home/radon/Documents/temp/pico/pico-sdk/src/rp2_common/pico_double/double_aeabi.S.obj
                0x0000000010003b14                __wrap___aeabi_ui2d
                0x0000000010003b1c                __wrap___aeabi_i2d
 .text.__wrap___aeabi_d2iz
                0x0000000010003b4c       0x48 CMakeFiles/application.dir/home/radon/Documents/temp/pico/pico-sdk/src/rp2_common/pico_double/double_aeabi.S.obj
                0x0000000010003b4c                __wrap___aeabi_d2iz
                0x0000000010003b4c                double2int_z
 .text.__wrap___aeabi_d2uiz
                0x0000000010003b94       0x18 CMakeFiles/application.dir/home/radon/Documents/temp/pico/pico-sdk/src/rp2_common/pico_double/double_aeabi.S.obj
                0x0000000010003b94                double2uint
                0x0000000010003b94                __wrap___aeabi_d2uiz
 .text.__wrap___aeabi_l2d
                0x0000000010003bac       0x18 CMakeFiles/application.dir/home/radon/Documents/temp/pico/pico-sdk/src/rp2_common/pico_double/double_aeabi.S.obj
                0x0000000010003bac                __wrap___aeabi_l2d
 .text.__wrap___aeabi_d2lz
                0x0000000010003bc4       0x26 CMakeFiles/application.dir/home/radon/Documents/temp/pico/pico-sdk/src/rp2_common/pico_double/double_aeabi.S.obj
                0x0000000010003bc4                __wrap___aeabi_d2lz
                0x0000000010003bc4                double2int64_z
 *fill*         0x0000000010003bea        0x2 
 .text.double2int64
                0x0000000010003bec       0x18 CMakeFiles/application.dir/home/radon/Documents/temp/pico/pico-sdk/src/rp2_common/pico_double/double_aeabi.S.obj
                0x0000000010003bec                double2int64
 .text.double2ufix64
                0x0000000010003c04       0x18 CMakeFiles/application.dir/home/radon/Documents/temp/pico/pico-sdk/src/rp2_common/pico_double/double_aeabi.S.obj
                0x0000000010003c04                double2ufix64
 .text.__wrap___aeabi_d2f
                0x0000000010003c1c       0x18 CMakeFiles/application.dir/home/radon/Documents/temp/pico/pico-sdk/src/rp2_common/pico_double/double_aeabi.S.obj
                0x0000000010003c1c                __wrap___aeabi_d2f
 .text.__aeabi_double_init
                0x0000000010003c34       0x94 CMakeFiles/application.dir/home/radon/Documents/temp/pico/pico-sdk/src/rp2_common/pico_double/double_init_rom.c.obj
                0x0000000010003c34                __aeabi_double_init
 .text.double_table_shim_on_use_helper
                0x0000000010003cc8       0x2c CMakeFiles/application.dir/home/radon/Documents/temp/pico/pico-sdk/src/rp2_common/pico_double/double_v1_rom_shim.S.obj
                0x0000000010003cc8                double_table_shim_on_use_helper
 .text.__wrap___aeabi_dsub
                0x0000000010003cf4       0x10 CMakeFiles/application.dir/home/radon/Documents/temp/pico/pico-sdk/src/rp2_common/pico_double/double_v1_rom_shim.S.obj
                0x0000000010003cf4                drsub_shim
                0x0000000010003cfa                dsub_shim
 .text.dadd_shim
                0x0000000010003d04      0x15c CMakeFiles/application.dir/home/radon/Documents/temp/pico/pico-sdk/src/rp2_common/pico_double/double_v1_rom_shim.S.obj
                0x0000000010003d04                dadd_shim
 .text.dmul_shim
                0x0000000010003e60      0x15c CMakeFiles/application.dir/home/radon/Documents/temp/pico/pico-sdk/src/rp2_common/pico_double/double_v1_rom_shim.S.obj
                0x0000000010003e60                dmul_shim
 .text.ddiv_shim
                0x0000000010003fbc      0x1b0 CMakeFiles/application.dir/home/radon/Documents/temp/pico/pico-sdk/src/rp2_common/pico_double/double_v1_rom_shim.S.obj
                0x0000000010003fbc                ddiv_shim
 .text.double2uint_shim
                0x000000001000416c        0xe CMakeFiles/application.dir/home/radon/Documents/temp/pico/pico-sdk/src/rp2_common/pico_double/double_v1_rom_shim.S.obj
                0x000000001000416c                double2uint_shim
                0x000000001000416e                double2ufix_shim
 .text.double2int64_shim
                0x000000001000417a       0x1a CMakeFiles/application.dir/home/radon/Documents/temp/pico/pico-sdk/src/rp2_common/pico_double/double_v1_rom_shim.S.obj
                0x000000001000417a                double2int64_shim
                0x000000001000417c                double2fix64_shim
 .text.double2uint64_shim
                0x0000000010004194       0x70 CMakeFiles/application.dir/home/radon/Documents/temp/pico/pico-sdk/src/rp2_common/pico_double/double_v1_rom_shim.S.obj
                0x0000000010004194                double2uint64_shim
                0x0000000010004196                double2ufix64_shim
                0x00000000100041b6                d2fix_a
 .text.double2float_shim
                0x0000000010004204       0x5c CMakeFiles/application.dir/home/radon/Documents/temp/pico/pico-sdk/src/rp2_common/pico_double/double_v1_rom_shim.S.obj
                0x0000000010004204                double2float_shim
 .text.x2double_shims
                0x0000000010004260       0x90 CMakeFiles/application.dir/home/radon/Documents/temp/pico/pico-sdk/src/rp2_common/pico_double/double_v1_rom_shim.S.obj
                0x0000000010004260                uint2double_shim
                0x0000000010004262                ufix2double_shim
                0x0000000010004268                int2double_shim
                0x000000001000426a                fix2double_shim
                0x0000000010004270                uint642double_shim
                0x0000000010004272                ufix642double_shim
                0x0000000010004278                int642double_shim
                0x000000001000427a                fix642double_shim
 .text.dunpacks
                0x00000000100042f0       0x3c CMakeFiles/application.dir/home/radon/Documents/temp/pico/pico-sdk/src/rp2_common/pico_double/double_v1_rom_shim.S.obj
                0x00000000100042f0                dunpacks
 .text.__aeabi_lmul
                0x000000001000432c       0x32 CMakeFiles/application.dir/home/radon/Documents/temp/pico/pico-sdk/src/rp2_common/pico_int64_ops/pico_int64_ops_aeabi.S.obj
                0x000000001000432c                __wrap___aeabi_lmul
 *fill*         0x000000001000435e        0x2 
 .text.__wrap___aeabi_cfcmple
                0x0000000010004360       0x50 CMakeFiles/application.dir/home/radon/Documents/temp/pico/pico-sdk/src/rp2_common/pico_float/float_aeabi.S.obj
                0x0000000010004360                __wrap___aeabi_cfrcmple
                0x000000001000436c                __wrap___aeabi_cfcmpeq
                0x000000001000436c                __wrap___aeabi_cfcmple
 .text.__wrap___aeabi_fcmple
                0x00000000100043b0       0x10 CMakeFiles/application.dir/home/radon/Documents/temp/pico/pico-sdk/src/rp2_common/pico_float/float_aeabi.S.obj
                0x00000000100043b0                __wrap___aeabi_fcmple
 .text.__wrap___aeabi_fcmpun
                0x00000000100043c0       0x18 CMakeFiles/application.dir/home/radon/Documents/temp/pico/pico-sdk/src/rp2_common/pico_float/float_aeabi.S.obj
                0x00000000100043c0                __wrap___aeabi_fcmpun
 .text.__aeabi_float_init
                0x00000000100043d8       0x64 CMakeFiles/application.dir/home/radon/Documents/temp/pico/pico-sdk/src/rp2_common/pico_float/float_init_rom.c.obj
                0x00000000100043d8                __aeabi_float_init
 .text.float_table_shim_on_use_helper
                0x000000001000443c       0x2c CMakeFiles/application.dir/home/radon/Documents/temp/pico/pico-sdk/src/rp2_common/pico_float/float_v1_rom_shim.S.obj
                0x000000001000443c                float_table_shim_on_use_helper
 .text          0x0000000010004468       0x10 CMakeFiles/application.dir/home/radon/Documents/temp/pico/pico-sdk/src/rp2_common/pico_mem_ops/mem_ops_aeabi.S.obj
                0x0000000010004468                __aeabi_mem_init
 .text.memset   0x0000000010004478        0xc CMakeFiles/application.dir/home/radon/Documents/temp/pico/pico-sdk/src/rp2_common/pico_mem_ops/mem_ops_aeabi.S.obj
                0x0000000010004478                __wrap_memset
 .text.memcpy   0x0000000010004484        0xc CMakeFiles/application.dir/home/radon/Documents/temp/pico/pico-sdk/src/rp2_common/pico_mem_ops/mem_ops_aeabi.S.obj
                0x0000000010004484                __wrap___aeabi_memcpy
                0x0000000010004484                __wrap_memcpy
 .text.stdio_out_chars_no_crlf
                0x0000000010004490       0x10 CMakeFiles/application.dir/home/radon/Documents/temp/pico/pico-sdk/src/rp2_common/pico_stdio/stdio.c.obj
 .text.stdio_out_chars_crlf
                0x00000000100044a0       0xb4 CMakeFiles/application.dir/home/radon/Documents/temp/pico/pico-sdk/src/rp2_common/pico_stdio/stdio.c.obj
 .text.stdio_put_string.isra.0
                0x0000000010004554       0xfc CMakeFiles/application.dir/home/radon/Documents/temp/pico/pico-sdk/src/rp2_common/pico_stdio/stdio.c.obj
 .text.__wrap_putchar
                0x0000000010004650       0xa0 CMakeFiles/application.dir/home/radon/Documents/temp/pico/pico-sdk/src/rp2_common/pico_stdio/stdio.c.obj
                0x0000000010004650                __wrap_putchar
 .text.__wrap_puts
                0x00000000100046f0       0x3c CMakeFiles/application.dir/home/radon/Documents/temp/pico/pico-sdk/src/rp2_common/pico_stdio/stdio.c.obj
                0x00000000100046f0                __wrap_puts
 .text._read    0x000000001000472c       0x94 CMakeFiles/application.dir/home/radon/Documents/temp/pico/pico-sdk/src/rp2_common/pico_stdio/stdio.c.obj
                0x000000001000472c                _read
 .text._write   0x00000000100047c0       0xb0 CMakeFiles/application.dir/home/radon/Documents/temp/pico/pico-sdk/src/rp2_common/pico_stdio/stdio.c.obj
                0x00000000100047c0                _write
 .text.stdio_set_driver_enabled
                0x0000000010004870       0x30 CMakeFiles/application.dir/home/radon/Documents/temp/pico/pico-sdk/src/rp2_common/pico_stdio/stdio.c.obj
                0x0000000010004870                stdio_set_driver_enabled
 .text.stdio_init_all
                0x00000000100048a0        0x8 CMakeFiles/application.dir/home/radon/Documents/temp/pico/pico-sdk/src/rp2_common/pico_stdio/stdio.c.obj
                0x00000000100048a0                stdio_init_all
 .text.getchar_timeout_us
                0x00000000100048a8       0xa4 CMakeFiles/application.dir/home/radon/Documents/temp/pico/pico-sdk/src/rp2_common/pico_stdio/stdio.c.obj
                0x00000000100048a8                getchar_timeout_us
 .text.resetd_init
                0x000000001000494c        0x4 CMakeFiles/application.dir/home/radon/Documents/temp/pico/pico-sdk/src/rp2_common/pico_stdio_usb/reset_interface.c.obj
 .text.resetd_reset
                0x0000000010004950        0xc CMakeFiles/application.dir/home/radon/Documents/temp/pico/pico-sdk/src/rp2_common/pico_stdio_usb/reset_interface.c.obj
 .text.resetd_open
                0x000000001000495c       0x28 CMakeFiles/application.dir/home/radon/Documents/temp/pico/pico-sdk/src/rp2_common/pico_stdio_usb/reset_interface.c.obj
 .text.resetd_xfer_cb
                0x0000000010004984        0x4 CMakeFiles/application.dir/home/radon/Documents/temp/pico/pico-sdk/src/rp2_common/pico_stdio_usb/reset_interface.c.obj
 .text.resetd_control_xfer_cb
                0x0000000010004988       0x64 CMakeFiles/application.dir/home/radon/Documents/temp/pico/pico-sdk/src/rp2_common/pico_stdio_usb/reset_interface.c.obj
 .text.usbd_app_driver_get_cb
                0x00000000100049ec        0xc CMakeFiles/application.dir/home/radon/Documents/temp/pico/pico-sdk/src/rp2_common/pico_stdio_usb/reset_interface.c.obj
                0x00000000100049ec                usbd_app_driver_get_cb
 .text.tud_cdc_line_coding_cb
                0x00000000100049f8       0x34 CMakeFiles/application.dir/home/radon/Documents/temp/pico/pico-sdk/src/rp2_common/pico_stdio_usb/reset_interface.c.obj
                0x00000000100049f8                tud_cdc_line_coding_cb
 .text.stdio_usb_in_chars
                0x0000000010004a2c       0x68 CMakeFiles/application.dir/home/radon/Documents/temp/pico/pico-sdk/src/rp2_common/pico_stdio_usb/stdio_usb.c.obj
                0x0000000010004a2c                stdio_usb_in_chars
 .text.stdio_usb_out_chars
                0x0000000010004a94       0xe4 CMakeFiles/application.dir/home/radon/Documents/temp/pico/pico-sdk/src/rp2_common/pico_stdio_usb/stdio_usb.c.obj
 .text.timer_task
                0x0000000010004b78       0x18 CMakeFiles/application.dir/home/radon/Documents/temp/pico/pico-sdk/src/rp2_common/pico_stdio_usb/stdio_usb.c.obj
 .text.usb_irq  0x0000000010004b90       0x10 CMakeFiles/application.dir/home/radon/Documents/temp/pico/pico-sdk/src/rp2_common/pico_stdio_usb/stdio_usb.c.obj
 .text.low_priority_worker_irq
                0x0000000010004ba0       0x24 CMakeFiles/application.dir/home/radon/Documents/temp/pico/pico-sdk/src/rp2_common/pico_stdio_usb/stdio_usb.c.obj
 .text.stdio_usb_init
                0x0000000010004bc4       0xb0 CMakeFiles/application.dir/home/radon/Documents/temp/pico/pico-sdk/src/rp2_common/pico_stdio_usb/stdio_usb.c.obj
                0x0000000010004bc4                stdio_usb_init
 .text.stdio_usb_connected
                0x0000000010004c74        0xc CMakeFiles/application.dir/home/radon/Documents/temp/pico/pico-sdk/src/rp2_common/pico_stdio_usb/stdio_usb.c.obj
                0x0000000010004c74                stdio_usb_connected
 .text.tud_descriptor_device_cb
                0x0000000010004c80        0x8 CMakeFiles/application.dir/home/radon/Documents/temp/pico/pico-sdk/src/rp2_common/pico_stdio_usb/stdio_usb_descriptors.c.obj
                0x0000000010004c80                tud_descriptor_device_cb
 .text.tud_descriptor_configuration_cb
                0x0000000010004c88        0x8 CMakeFiles/application.dir/home/radon/Documents/temp/pico/pico-sdk/src/rp2_common/pico_stdio_usb/stdio_usb_descriptors.c.obj
                0x0000000010004c88                tud_descriptor_configuration_cb
 .text.tud_descriptor_string_cb
                0x0000000010004c90       0x74 CMakeFiles/application.dir/home/radon/Documents/temp/pico/pico-sdk/src/rp2_common/pico_stdio_usb/stdio_usb_descriptors.c.obj
                0x0000000010004c90                tud_descriptor_string_cb
 .text.dcd_rp2040_irq
                0x0000000010004d04      0x21c CMakeFiles/application.dir/home/radon/Documents/temp/pico/pico-sdk/lib/tinyusb/src/portable/raspberrypi/rp2040/dcd_rp2040.c.obj
 .text.dcd_int_enable
                0x0000000010004f20        0xc CMakeFiles/application.dir/home/radon/Documents/temp/pico/pico-sdk/lib/tinyusb/src/portable/raspberrypi/rp2040/dcd_rp2040.c.obj
                0x0000000010004f20                dcd_int_enable
 .text.dcd_set_address
                0x0000000010004f2c       0x14 CMakeFiles/application.dir/home/radon/Documents/temp/pico/pico-sdk/lib/tinyusb/src/portable/raspberrypi/rp2040/dcd_rp2040.c.obj
                0x0000000010004f2c                dcd_set_address
 .text.dcd_connect
                0x0000000010004f40       0x10 CMakeFiles/application.dir/home/radon/Documents/temp/pico/pico-sdk/lib/tinyusb/src/portable/raspberrypi/rp2040/dcd_rp2040.c.obj
                0x0000000010004f40                dcd_connect
 .text.dcd_init
                0x0000000010004f50      0x144 CMakeFiles/application.dir/home/radon/Documents/temp/pico/pico-sdk/lib/tinyusb/src/portable/raspberrypi/rp2040/dcd_rp2040.c.obj
                0x0000000010004f50                dcd_init
 .text.dcd_edpt0_status_complete
                0x0000000010005094       0x1c CMakeFiles/application.dir/home/radon/Documents/temp/pico/pico-sdk/lib/tinyusb/src/portable/raspberrypi/rp2040/dcd_rp2040.c.obj
                0x0000000010005094                dcd_edpt0_status_complete
 .text.dcd_edpt_open
                0x00000000100050b0       0xf0 CMakeFiles/application.dir/home/radon/Documents/temp/pico/pico-sdk/lib/tinyusb/src/portable/raspberrypi/rp2040/dcd_rp2040.c.obj
                0x00000000100050b0                dcd_edpt_open
 .text.dcd_edpt_close_all
                0x00000000100051a0       0xbc CMakeFiles/application.dir/home/radon/Documents/temp/pico/pico-sdk/lib/tinyusb/src/portable/raspberrypi/rp2040/dcd_rp2040.c.obj
                0x00000000100051a0                dcd_edpt_close_all
 .text.dcd_edpt_xfer
                0x000000001000525c       0x24 CMakeFiles/application.dir/home/radon/Documents/temp/pico/pico-sdk/lib/tinyusb/src/portable/raspberrypi/rp2040/dcd_rp2040.c.obj
                0x000000001000525c                dcd_edpt_xfer
 .text.dcd_edpt_stall
                0x0000000010005280       0x38 CMakeFiles/application.dir/home/radon/Documents/temp/pico/pico-sdk/lib/tinyusb/src/portable/raspberrypi/rp2040/dcd_rp2040.c.obj
                0x0000000010005280                dcd_edpt_stall
 .text.dcd_edpt_clear_stall
                0x00000000100052b8       0x30 CMakeFiles/application.dir/home/radon/Documents/temp/pico/pico-sdk/lib/tinyusb/src/portable/raspberrypi/rp2040/dcd_rp2040.c.obj
                0x00000000100052b8                dcd_edpt_clear_stall
 .text._hw_endpoint_buffer_control_update32.part.0.isra.0
                0x00000000100052e8       0x1c CMakeFiles/application.dir/home/radon/Documents/temp/pico/pico-sdk/lib/tinyusb/src/portable/raspberrypi/rp2040/rp2040_usb.c.obj
 .text.rp2040_usb_init
                0x0000000010005304       0x4c CMakeFiles/application.dir/home/radon/Documents/temp/pico/pico-sdk/lib/tinyusb/src/portable/raspberrypi/rp2040/rp2040_usb.c.obj
                0x0000000010005304                rp2040_usb_init
 .text.hw_endpoint_reset_transfer
                0x0000000010005350        0xc CMakeFiles/application.dir/home/radon/Documents/temp/pico/pico-sdk/lib/tinyusb/src/portable/raspberrypi/rp2040/rp2040_usb.c.obj
                0x0000000010005350                hw_endpoint_reset_transfer
 .text._hw_endpoint_buffer_control_update32
                0x000000001000535c       0x44 CMakeFiles/application.dir/home/radon/Documents/temp/pico/pico-sdk/lib/tinyusb/src/portable/raspberrypi/rp2040/rp2040_usb.c.obj
                0x000000001000535c                _hw_endpoint_buffer_control_update32
 .text.hw_endpoint_xfer_start
                0x00000000100053a0      0x138 CMakeFiles/application.dir/home/radon/Documents/temp/pico/pico-sdk/lib/tinyusb/src/portable/raspberrypi/rp2040/rp2040_usb.c.obj
                0x00000000100053a0                hw_endpoint_xfer_start
 .text.hw_endpoint_xfer_continue
                0x00000000100054d8      0x1e4 CMakeFiles/application.dir/home/radon/Documents/temp/pico/pico-sdk/lib/tinyusb/src/portable/raspberrypi/rp2040/rp2040_usb.c.obj
                0x00000000100054d8                hw_endpoint_xfer_continue
 .text.tud_mounted
                0x00000000100056bc       0x10 CMakeFiles/application.dir/home/radon/Documents/temp/pico/pico-sdk/lib/tinyusb/src/device/usbd.c.obj
                0x00000000100056bc                tud_mounted
 .text.tud_suspended
                0x00000000100056cc       0x10 CMakeFiles/application.dir/home/radon/Documents/temp/pico/pico-sdk/lib/tinyusb/src/device/usbd.c.obj
                0x00000000100056cc                tud_suspended
 .text.tud_inited
                0x00000000100056dc        0xc CMakeFiles/application.dir/home/radon/Documents/temp/pico/pico-sdk/lib/tinyusb/src/device/usbd.c.obj
                0x00000000100056dc                tud_inited
 .text.tud_init
                0x00000000100056e8       0xd8 CMakeFiles/application.dir/home/radon/Documents/temp/pico/pico-sdk/lib/tinyusb/src/device/usbd.c.obj
                0x00000000100056e8                tud_init
 .text.tud_task
                0x00000000100057c0      0x8ec CMakeFiles/application.dir/home/radon/Documents/temp/pico/pico-sdk/lib/tinyusb/src/device/usbd.c.obj
                0x00000000100057c0                tud_task
 .text.dcd_event_bus_signal
                0x00000000100060ac      0x120 CMakeFiles/application.dir/home/radon/Documents/temp/pico/pico-sdk/lib/tinyusb/src/device/usbd.c.obj
                0x00000000100060ac                dcd_event_bus_signal
 .text.dcd_event_bus_reset
                0x00000000100061cc       0x54 CMakeFiles/application.dir/home/radon/Documents/temp/pico/pico-sdk/lib/tinyusb/src/device/usbd.c.obj
                0x00000000100061cc                dcd_event_bus_reset
 .text.dcd_event_setup_received
                0x0000000010006220       0x50 CMakeFiles/application.dir/home/radon/Documents/temp/pico/pico-sdk/lib/tinyusb/src/device/usbd.c.obj
                0x0000000010006220                dcd_event_setup_received
 .text.dcd_event_xfer_complete
                0x0000000010006270       0x68 CMakeFiles/application.dir/home/radon/Documents/temp/pico/pico-sdk/lib/tinyusb/src/device/usbd.c.obj
                0x0000000010006270                dcd_event_xfer_complete
 .text.usbd_open_edpt_pair
                0x00000000100062d8       0x80 CMakeFiles/application.dir/home/radon/Documents/temp/pico/pico-sdk/lib/tinyusb/src/device/usbd.c.obj
                0x00000000100062d8                usbd_open_edpt_pair
 .text.usbd_edpt_open
                0x0000000010006358       0x30 CMakeFiles/application.dir/home/radon/Documents/temp/pico/pico-sdk/lib/tinyusb/src/device/usbd.c.obj
                0x0000000010006358                usbd_edpt_open
 .text.usbd_edpt_claim
                0x0000000010006388       0x64 CMakeFiles/application.dir/home/radon/Documents/temp/pico/pico-sdk/lib/tinyusb/src/device/usbd.c.obj
                0x0000000010006388                usbd_edpt_claim
 .text.usbd_edpt_release
                0x00000000100063ec       0x4c CMakeFiles/application.dir/home/radon/Documents/temp/pico/pico-sdk/lib/tinyusb/src/device/usbd.c.obj
                0x00000000100063ec                usbd_edpt_release
 .text.usbd_edpt_xfer
                0x0000000010006438       0x48 CMakeFiles/application.dir/home/radon/Documents/temp/pico/pico-sdk/lib/tinyusb/src/device/usbd.c.obj
                0x0000000010006438                usbd_edpt_xfer
 .text.tud_control_status
                0x0000000010006480       0x30 CMakeFiles/application.dir/home/radon/Documents/temp/pico/pico-sdk/lib/tinyusb/src/device/usbd_control.c.obj
                0x0000000010006480                tud_control_status
 .text.tud_control_xfer
                0x00000000100064b0       0xbc CMakeFiles/application.dir/home/radon/Documents/temp/pico/pico-sdk/lib/tinyusb/src/device/usbd_control.c.obj
                0x00000000100064b0                tud_control_xfer
 .text.usbd_control_reset
                0x000000001000656c       0x14 CMakeFiles/application.dir/home/radon/Documents/temp/pico/pico-sdk/lib/tinyusb/src/device/usbd_control.c.obj
                0x000000001000656c                usbd_control_reset
 .text.usbd_control_set_complete_callback
                0x0000000010006580        0xc CMakeFiles/application.dir/home/radon/Documents/temp/pico/pico-sdk/lib/tinyusb/src/device/usbd_control.c.obj
                0x0000000010006580                usbd_control_set_complete_callback
 .text.usbd_control_set_request
                0x000000001000658c       0x1c CMakeFiles/application.dir/home/radon/Documents/temp/pico/pico-sdk/lib/tinyusb/src/device/usbd_control.c.obj
                0x000000001000658c                usbd_control_set_request
 .text.usbd_control_xfer_cb
                0x00000000100065a8       0xfc CMakeFiles/application.dir/home/radon/Documents/temp/pico/pico-sdk/lib/tinyusb/src/device/usbd_control.c.obj
                0x00000000100065a8                usbd_control_xfer_cb
 .text.tud_cdc_n_connected
                0x00000000100066a4       0x30 CMakeFiles/application.dir/home/radon/Documents/temp/pico/pico-sdk/lib/tinyusb/src/class/cdc/cdc_device.c.obj
                0x00000000100066a4                tud_cdc_n_connected
 .text.tud_cdc_n_available
                0x00000000100066d4       0x18 CMakeFiles/application.dir/home/radon/Documents/temp/pico/pico-sdk/lib/tinyusb/src/class/cdc/cdc_device.c.obj
                0x00000000100066d4                tud_cdc_n_available
 .text.tud_cdc_n_read
                0x00000000100066ec       0x70 CMakeFiles/application.dir/home/radon/Documents/temp/pico/pico-sdk/lib/tinyusb/src/class/cdc/cdc_device.c.obj
                0x00000000100066ec                tud_cdc_n_read
 .text.tud_cdc_n_write_flush
                0x000000001000675c       0x78 CMakeFiles/application.dir/home/radon/Documents/temp/pico/pico-sdk/lib/tinyusb/src/class/cdc/cdc_device.c.obj
                0x000000001000675c                tud_cdc_n_write_flush
 .text.tud_cdc_n_write
                0x00000000100067d4       0x34 CMakeFiles/application.dir/home/radon/Documents/temp/pico/pico-sdk/lib/tinyusb/src/class/cdc/cdc_device.c.obj
                0x00000000100067d4                tud_cdc_n_write
 .text.tud_cdc_n_write_available
                0x0000000010006808       0x18 CMakeFiles/application.dir/home/radon/Documents/temp/pico/pico-sdk/lib/tinyusb/src/class/cdc/cdc_device.c.obj
                0x0000000010006808                tud_cdc_n_write_available
 .text.cdcd_init
                0x0000000010006820       0x7c CMakeFiles/application.dir/home/radon/Documents/temp/pico/pico-sdk/lib/tinyusb/src/class/cdc/cdc_device.c.obj
                0x0000000010006820                cdcd_init
 .text.cdcd_reset
                0x000000001000689c       0x2c CMakeFiles/application.dir/home/radon/Documents/temp/pico/pico-sdk/lib/tinyusb/src/class/cdc/cdc_device.c.obj
                0x000000001000689c                cdcd_reset
 .text.cdcd_open
                0x00000000100068c8       0xe4 CMakeFiles/application.dir/home/radon/Documents/temp/pico/pico-sdk/lib/tinyusb/src/class/cdc/cdc_device.c.obj
                0x00000000100068c8                cdcd_open
 .text.cdcd_control_xfer_cb
                0x00000000100069ac       0xe4 CMakeFiles/application.dir/home/radon/Documents/temp/pico/pico-sdk/lib/tinyusb/src/class/cdc/cdc_device.c.obj
                0x00000000100069ac                cdcd_control_xfer_cb
 .text.cdcd_xfer_cb
                0x0000000010006a90      0x148 CMakeFiles/application.dir/home/radon/Documents/temp/pico/pico-sdk/lib/tinyusb/src/class/cdc/cdc_device.c.obj
                0x0000000010006a90                cdcd_xfer_cb
 .text.tusb_init
                0x0000000010006bd8        0xc CMakeFiles/application.dir/home/radon/Documents/temp/pico/pico-sdk/lib/tinyusb/src/tusb.c.obj
                0x0000000010006bd8                tusb_init
 .text.tusb_inited
                0x0000000010006be4        0x8 CMakeFiles/application.dir/home/radon/Documents/temp/pico/pico-sdk/lib/tinyusb/src/tusb.c.obj
                0x0000000010006be4                tusb_inited
 .text.tu_edpt_validate
                0x0000000010006bec       0x78 CMakeFiles/application.dir/home/radon/Documents/temp/pico/pico-sdk/lib/tinyusb/src/tusb.c.obj
                0x0000000010006bec                tu_edpt_validate
 .text.tu_edpt_bind_driver
                0x0000000010006c64       0x2c CMakeFiles/application.dir/home/radon/Documents/temp/pico/pico-sdk/lib/tinyusb/src/tusb.c.obj
                0x0000000010006c64                tu_edpt_bind_driver
 .text.tu_fifo_config
                0x0000000010006c90       0x78 CMakeFiles/application.dir/home/radon/Documents/temp/pico/pico-sdk/lib/tinyusb/src/common/tusb_fifo.c.obj
                0x0000000010006c90                tu_fifo_config
 .text.tu_fifo_count
                0x0000000010006d08       0x20 CMakeFiles/application.dir/home/radon/Documents/temp/pico/pico-sdk/lib/tinyusb/src/common/tusb_fifo.c.obj
                0x0000000010006d08                tu_fifo_count
 .text.tu_fifo_empty
                0x0000000010006d28       0x10 CMakeFiles/application.dir/home/radon/Documents/temp/pico/pico-sdk/lib/tinyusb/src/common/tusb_fifo.c.obj
                0x0000000010006d28                tu_fifo_empty
 .text.tu_fifo_remaining
                0x0000000010006d38       0x1c CMakeFiles/application.dir/home/radon/Documents/temp/pico/pico-sdk/lib/tinyusb/src/common/tusb_fifo.c.obj
                0x0000000010006d38                tu_fifo_remaining
 .text.tu_fifo_read
                0x0000000010006d54       0x9c CMakeFiles/application.dir/home/radon/Documents/temp/pico/pico-sdk/lib/tinyusb/src/common/tusb_fifo.c.obj
                0x0000000010006d54                tu_fifo_read
 .text.tu_fifo_read_n
                0x0000000010006df0      0x100 CMakeFiles/application.dir/home/radon/Documents/temp/pico/pico-sdk/lib/tinyusb/src/common/tusb_fifo.c.obj
                0x0000000010006df0                tu_fifo_read_n
 .text.tu_fifo_write
                0x0000000010006ef0       0x7c CMakeFiles/application.dir/home/radon/Documents/temp/pico/pico-sdk/lib/tinyusb/src/common/tusb_fifo.c.obj
                0x0000000010006ef0                tu_fifo_write
 .text.tu_fifo_write_n
                0x0000000010006f6c      0x100 CMakeFiles/application.dir/home/radon/Documents/temp/pico/pico-sdk/lib/tinyusb/src/common/tusb_fifo.c.obj
                0x0000000010006f6c                tu_fifo_write_n
 .text.tu_fifo_clear
                0x000000001000706c       0x4c CMakeFiles/application.dir/home/radon/Documents/temp/pico/pico-sdk/lib/tinyusb/src/common/tusb_fifo.c.obj
                0x000000001000706c                tu_fifo_clear
 .text.tu_fifo_set_overwritable
                0x00000000100070b8       0x3c CMakeFiles/application.dir/home/radon/Documents/temp/pico/pico-sdk/lib/tinyusb/src/common/tusb_fifo.c.obj
                0x00000000100070b8                tu_fifo_set_overwritable
 .text.startup._retrieve_unique_id_on_boot
                0x00000000100070f4       0x10 CMakeFiles/application.dir/home/radon/Documents/temp/pico/pico-sdk/src/rp2_common/pico_unique_id/unique_id.c.obj
 .text.pico_get_unique_board_id_string
                0x0000000010007104      0x1a8 CMakeFiles/application.dir/home/radon/Documents/temp/pico/pico-sdk/src/rp2_common/pico_unique_id/unique_id.c.obj
                0x0000000010007104                pico_get_unique_board_id_string
 .text.flash_get_unique_id
                0x00000000100072ac       0x40 CMakeFiles/application.dir/home/radon/Documents/temp/pico/pico-sdk/src/rp2_common/hardware_flash/flash.c.obj
                0x00000000100072ac                flash_get_unique_id
 .text.core1_trampoline
                0x00000000100072ec        0x4 CMakeFiles/application.dir/home/radon/Documents/temp/pico/pico-sdk/src/rp2_common/pico_multicore/multicore.c.obj
 .text.core1_wrapper
                0x00000000100072f0        0xc CMakeFiles/application.dir/home/radon/Documents/temp/pico/pico-sdk/src/rp2_common/pico_multicore/multicore.c.obj
                0x00000000100072f0                core1_wrapper
 .text.multicore_launch_core1_raw
                0x00000000100072fc       0x84 CMakeFiles/application.dir/home/radon/Documents/temp/pico/pico-sdk/src/rp2_common/pico_multicore/multicore.c.obj
                0x00000000100072fc                multicore_launch_core1_raw
 .text.multicore_launch_core1
                0x0000000010007380       0x4c CMakeFiles/application.dir/home/radon/Documents/temp/pico/pico-sdk/src/rp2_common/pico_multicore/multicore.c.obj
                0x0000000010007380                multicore_launch_core1
 .text          0x00000000100073cc       0x5c /usr/lib/gcc/arm-none-eabi/10.3.1/../../../arm-none-eabi/lib/thumb/v6-m/nofp/libc.a(lib_a-callocr.o)
                0x00000000100073cc                _calloc_r
 .text          0x0000000010007428      0x574 /usr/lib/gcc/arm-none-eabi/10.3.1/../../../arm-none-eabi/lib/thumb/v6-m/nofp/libc.a(lib_a-mallocr.o)
                0x0000000010007428                _malloc_r
 .text          0x000000001000799c        0x8 /usr/lib/gcc/arm-none-eabi/10.3.1/../../../arm-none-eabi/lib/thumb/v6-m/nofp/libc.a(lib_a-mlock.o)
                0x000000001000799c                __malloc_lock
                0x00000000100079a0                __malloc_unlock
 .text          0x00000000100079a4      0x354 /usr/lib/gcc/arm-none-eabi/10.3.1/../../../arm-none-eabi/lib/thumb/v6-m/nofp/libc.a(lib_a-reallocr.o)
                0x00000000100079a4                _realloc_r
 .text          0x0000000010007cf8       0x24 /usr/lib/gcc/arm-none-eabi/10.3.1/../../../arm-none-eabi/lib/thumb/v6-m/nofp/libc.a(lib_a-sbrkr.o)
                0x0000000010007cf8                _sbrk_r
 .text          0x0000000010007d1c       0xa0 /usr/lib/gcc/arm-none-eabi/10.3.1/../../../arm-none-eabi/lib/thumb/v6-m/nofp/libc.a(lib_a-sscanf.o)
                0x0000000010007d1c                sscanf
                0x0000000010007d6c                _sscanf_r
 .text          0x0000000010007dbc       0xa4 /usr/lib/gcc/arm-none-eabi/10.3.1/../../../arm-none-eabi/lib/thumb/v6-m/nofp/libc.a(lib_a-stdio.o)
                0x0000000010007dbc                __sread
                0x0000000010007de4                __seofread
                0x0000000010007de8                __swrite
                0x0000000010007e28                __sseek
                0x0000000010007e54                __sclose
 .text          0x0000000010007e60       0x5c /usr/lib/gcc/arm-none-eabi/10.3.1/../../../arm-none-eabi/lib/thumb/v6-m/nofp/libc.a(lib_a-strlen-stub.o)
                0x0000000010007e60                strlen
 .text          0x0000000010007ebc      0xf70 /usr/lib/gcc/arm-none-eabi/10.3.1/../../../arm-none-eabi/lib/thumb/v6-m/nofp/libc.a(lib_a-svfscanf.o)
                0x0000000010007ebc                __ssvfscanf_r
 .text          0x0000000010008e2c       0x28 /usr/lib/gcc/arm-none-eabi/10.3.1/../../../arm-none-eabi/lib/thumb/v6-m/nofp/libc.a(lib_a-writer.o)
                0x0000000010008e2c                _write_r
 .text          0x0000000010008e54       0x24 /usr/lib/gcc/arm-none-eabi/10.3.1/../../../arm-none-eabi/lib/thumb/v6-m/nofp/libc.a(lib_a-closer.o)
                0x0000000010008e54                _close_r
 .text          0x0000000010008e78      0x260 /usr/lib/gcc/arm-none-eabi/10.3.1/../../../arm-none-eabi/lib/thumb/v6-m/nofp/libc.a(lib_a-freer.o)
                0x0000000010008e78                _malloc_trim_r
                0x0000000010008f14                _free_r
 .text          0x00000000100090d8        0xc /usr/lib/gcc/arm-none-eabi/10.3.1/../../../arm-none-eabi/lib/thumb/v6-m/nofp/libc.a(lib_a-iswspace.o)
                0x00000000100090d8                iswspace
 .text          0x00000000100090e4       0x18 /usr/lib/gcc/arm-none-eabi/10.3.1/../../../arm-none-eabi/lib/thumb/v6-m/nofp/libc.a(lib_a-iswspace_l.o)
                0x00000000100090e4                iswspace_l
 .text          0x00000000100090fc       0x98 /usr/lib/gcc/arm-none-eabi/10.3.1/../../../arm-none-eabi/lib/thumb/v6-m/nofp/libc.a(lib_a-locale.o)
                0x00000000100090fc                _setlocale_r
                0x0000000010009140                __locale_mb_cur_max
                0x0000000010009150                setlocale
 .text          0x0000000010009194       0x14 /usr/lib/gcc/arm-none-eabi/10.3.1/../../../arm-none-eabi/lib/thumb/v6-m/nofp/libc.a(lib_a-localeconv.o)
                0x0000000010009194                __localeconv_l
                0x0000000010009198                _localeconv_r
                0x00000000100091a0                localeconv
 .text          0x00000000100091a8       0x28 /usr/lib/gcc/arm-none-eabi/10.3.1/../../../arm-none-eabi/lib/thumb/v6-m/nofp/libc.a(lib_a-lseekr.o)
                0x00000000100091a8                _lseek_r
 .text          0x00000000100091d0       0x9c /usr/lib/gcc/arm-none-eabi/10.3.1/../../../arm-none-eabi/lib/thumb/v6-m/nofp/libc.a(lib_a-mbrtowc.o)
                0x00000000100091d0                _mbrtowc_r
                0x000000001000921c                mbrtowc
 .text          0x000000001000926c       0x44 /usr/lib/gcc/arm-none-eabi/10.3.1/../../../arm-none-eabi/lib/thumb/v6-m/nofp/libc.a(lib_a-mbtowc_r.o)
                0x000000001000926c                _mbtowc_r
                0x0000000010009284                __ascii_mbtowc
 .text          0x00000000100092b0       0x28 /usr/lib/gcc/arm-none-eabi/10.3.1/../../../arm-none-eabi/lib/thumb/v6-m/nofp/libc.a(lib_a-readr.o)
                0x00000000100092b0                _read_r
 .text          0x00000000100092d8       0x80 /usr/lib/gcc/arm-none-eabi/10.3.1/../../../arm-none-eabi/lib/thumb/v6-m/nofp/libc.a(lib_a-sccl.o)
                0x00000000100092d8                __sccl
 .text          0x0000000010009358        0x8 /usr/lib/gcc/arm-none-eabi/10.3.1/../../../arm-none-eabi/lib/thumb/v6-m/nofp/libc.a(lib_a-sf_nan.o)
                0x0000000010009358                nanf
 .text          0x0000000010009360       0x88 /usr/lib/gcc/arm-none-eabi/10.3.1/../../../arm-none-eabi/lib/thumb/v6-m/nofp/libc.a(lib_a-strcmp.o)
                0x0000000010009360                strcmp
 .text          0x00000000100093e8     0x1128 /usr/lib/gcc/arm-none-eabi/10.3.1/../../../arm-none-eabi/lib/thumb/v6-m/nofp/libc.a(lib_a-strtod.o)
                0x00000000100093e8                _strtod_l
                0x000000001000a368                _strtod_r
                0x000000001000a378                strtod_l
                0x000000001000a390                strtod
                0x000000001000a3ac                strtof_l
                0x000000001000a45c                strtof
 .text          0x000000001000a510      0x1b8 /usr/lib/gcc/arm-none-eabi/10.3.1/../../../arm-none-eabi/lib/thumb/v6-m/nofp/libc.a(lib_a-strtol.o)
                0x000000001000a654                _strtol_r
                0x000000001000a670                strtol_l
                0x000000001000a69c                strtol
 .text          0x000000001000a6c8      0x1d0 /usr/lib/gcc/arm-none-eabi/10.3.1/../../../arm-none-eabi/lib/thumb/v6-m/nofp/libc.a(lib_a-strtoll.o)
                0x000000001000a860                _strtoll_r
                0x000000001000a868                strtoll_l
                0x000000001000a880                strtoll
 .text          0x000000001000a898      0x180 /usr/lib/gcc/arm-none-eabi/10.3.1/../../../arm-none-eabi/lib/thumb/v6-m/nofp/libc.a(lib_a-strtoul.o)
                0x000000001000a9e0                _strtoul_r
                0x000000001000a9e8                strtoul_l
                0x000000001000aa00                strtoul
 .text          0x000000001000aa18      0x1f4 /usr/lib/gcc/arm-none-eabi/10.3.1/../../../arm-none-eabi/lib/thumb/v6-m/nofp/libc.a(lib_a-strtoull.o)
                0x000000001000abd4                _strtoull_r
                0x000000001000abdc                strtoull_l
                0x000000001000abf4                strtoull
 .text          0x000000001000ac0c      0xf10 /usr/lib/gcc/arm-none-eabi/10.3.1/../../../arm-none-eabi/lib/thumb/v6-m/nofp/libc.a(lib_a-svfiscanf.o)
                0x000000001000ac0c                _sungetc_r
                0x000000001000ac90                __ssrefill_r
                0x000000001000acd0                _sfread_r
                0x000000001000ad94                __ssvfiscanf_r
 .text          0x000000001000bb1c      0x188 /usr/lib/gcc/arm-none-eabi/10.3.1/../../../arm-none-eabi/lib/thumb/v6-m/nofp/libc.a(lib_a-ungetc.o)
                0x000000001000bb1c                __submore
                0x000000001000bba0                _ungetc_r
                0x000000001000bc8c                ungetc
 .text          0x000000001000bca4       0x2c /usr/lib/gcc/arm-none-eabi/10.3.1/../../../arm-none-eabi/lib/thumb/v6-m/nofp/libc.a(lib_a-wctomb_r.o)
                0x000000001000bca4                _wctomb_r
                0x000000001000bcb4                __ascii_wctomb
 .text          0x000000001000bcd0        0xc /usr/lib/gcc/arm-none-eabi/10.3.1/../../../arm-none-eabi/lib/thumb/v6-m/nofp/libc.a(lib_a-errno.o)
                0x000000001000bcd0                __errno
 .text          0x000000001000bcdc      0x1c0 /usr/lib/gcc/arm-none-eabi/10.3.1/../../../arm-none-eabi/lib/thumb/v6-m/nofp/libc.a(lib_a-fflush.o)
                0x000000001000bcdc                __sflush_r
                0x000000001000be1c                _fflush_r
                0x000000001000be48                fflush
 .text          0x000000001000be9c      0x248 /usr/lib/gcc/arm-none-eabi/10.3.1/../../../arm-none-eabi/lib/thumb/v6-m/nofp/libc.a(lib_a-findfp.o)
                0x000000001000bea0                _cleanup_r
                0x000000001000bf9c                __sfmoreglue
                0x000000001000bfcc                __sfp
                0x000000001000c07c                _cleanup
                0x000000001000c094                __sinit
                0x000000001000c0a4                __sfp_lock_acquire
                0x000000001000c0a8                __sfp_lock_release
                0x000000001000c0ac                __sinit_lock_acquire
                0x000000001000c0b0                __sinit_lock_release
                0x000000001000c0b4                __fp_lock_all
                0x000000001000c0cc                __fp_unlock_all
 .text          0x000000001000c0e4       0x88 /usr/lib/gcc/arm-none-eabi/10.3.1/../../../arm-none-eabi/lib/thumb/v6-m/nofp/libc.a(lib_a-fwalk.o)
                0x000000001000c0e4                _fwalk
                0x000000001000c124                _fwalk_reent
 .text          0x000000001000c16c      0x670 /usr/lib/gcc/arm-none-eabi/10.3.1/../../../arm-none-eabi/lib/thumb/v6-m/nofp/libc.a(lib_a-gdtoa-gethex.o)
                0x000000001000c210                __gethex
 .text          0x000000001000c7dc      0x1fc /usr/lib/gcc/arm-none-eabi/10.3.1/../../../arm-none-eabi/lib/thumb/v6-m/nofp/libc.a(lib_a-gdtoa-hexnan.o)
                0x000000001000c7dc                __match
                0x000000001000c808                __hexnan
 .text          0x000000001000c9d8      0xafc /usr/lib/gcc/arm-none-eabi/10.3.1/../../../arm-none-eabi/lib/thumb/v6-m/nofp/libc.a(lib_a-mprec.o)
                0x000000001000c9d8                _Balloc
                0x000000001000ca28                _Bfree
                0x000000001000ca3c                __multadd
                0x000000001000cae4                __s2b
                0x000000001000cb94                __hi0bits
                0x000000001000cbcc                __lo0bits
                0x000000001000cc28                __i2b
                0x000000001000cc88                __multiply
                0x000000001000ce2c                __pow5mult
                0x000000001000cf04                __lshift
                0x000000001000d000                __mcmp
                0x000000001000d034                __mdiff
                0x000000001000d1c0                __ulp
                0x000000001000d208                __b2d
                0x000000001000d2d0                __d2b
                0x000000001000d3a8                __ratio
                0x000000001000d410                _mprec_log10
                0x000000001000d444                __copybits
                0x000000001000d484                __any_on
 .text          0x000000001000d4d4        0xc /usr/lib/gcc/arm-none-eabi/10.3.1/../../../arm-none-eabi/lib/thumb/v6-m/nofp/libc.a(lib_a-s_nan.o)
                0x000000001000d4d4                nan
 .text          0x000000001000d4e0       0x74 /usr/lib/gcc/arm-none-eabi/10.3.1/../../../arm-none-eabi/lib/thumb/v6-m/nofp/libc.a(lib_a-strncmp.o)
                0x000000001000d4e0                strncmp
 .text          0x000000001000d554       0xe8 /usr/lib/gcc/arm-none-eabi/10.3.1/../../../arm-none-eabi/lib/thumb/v6-m/nofp/libc.a(lib_a-fclose.o)
                0x000000001000d5c4                _fclose_r
                0x000000001000d5fc                fclose
 .text          0x000000001000d63c       0x10 /usr/lib/gcc/arm-none-eabi/10.3.1/../../../arm-none-eabi/lib/thumb/v6-m/nofp/libnosys.a(close.o)
                0x000000001000d63c                _close
 .text          0x000000001000d64c       0x10 /usr/lib/gcc/arm-none-eabi/10.3.1/../../../arm-none-eabi/lib/thumb/v6-m/nofp/libnosys.a(lseek.o)
                0x000000001000d64c                _lseek
 *(.fini)
 .fini          0x000000001000d65c        0x4 /usr/lib/gcc/arm-none-eabi/10.3.1/thumb/v6-m/nofp/crti.o
                0x000000001000d65c                _fini
 .fini.__stub   0x000000001000d660       0x80 linker stubs
 *crtbegin.o(.ctors)
 *crtbegin?.o(.ctors)
 *(EXCLUDE_FILE(*crtend.o *crtend?.o) .ctors)
 *(SORT_BY_NAME(.ctors.*))
 *(.ctors)
 *crtbegin.o(.dtors)
 *crtbegin?.o(.dtors)
 *(EXCLUDE_FILE(*crtend.o *crtend?.o) .dtors)
 *(SORT_BY_NAME(.dtors.*))
 *(.dtors)
 *(.eh_frame*)
 .eh_frame      0x000000001000d6e0        0x0 /usr/lib/gcc/arm-none-eabi/10.3.1/thumb/v6-m/nofp/crtbegin.o
                0x000000001000d6e0                . = ALIGN (0x4)

.glue_7         0x000000001000d6e0        0x0
 .glue_7        0x000000001000d6e0        0x0 linker stubs

.glue_7t        0x000000001000d6e0        0x0
 .glue_7t       0x000000001000d6e0        0x0 linker stubs

.vfp11_veneer   0x000000001000d6e0        0x0
 .vfp11_veneer  0x000000001000d6e0        0x0 linker stubs

.v4_bx          0x000000001000d6e0        0x0
 .v4_bx         0x000000001000d6e0        0x0 linker stubs

.iplt           0x000000001000d6e0        0x0
 .iplt          0x000000001000d6e0        0x0 /usr/lib/gcc/arm-none-eabi/10.3.1/thumb/v6-m/nofp/crtbegin.o

.rodata         0x000000001000d6e0     0x1128
 *(EXCLUDE_FILE(*libm.a: *libc.a:*lib_a-mem*.o *libgcc.a:) .rodata*)
 .rodata._Z11core1_entryv.str1.4
                0x000000001000d6e0        0xf CMakeFiles/application.dir/app/src/main.cpp.obj
 *fill*         0x000000001000d6ef        0x1 
 .rodata.main.str1.4
                0x000000001000d6f0        0xc CMakeFiles/application.dir/app/src/main.cpp.obj
 .rodata.spin_lock_claim_unused.str1.4
                0x000000001000d6fc       0x1b CMakeFiles/application.dir/home/radon/Documents/temp/pico/pico-sdk/src/rp2_common/hardware_sync/sync.c.obj
 *fill*         0x000000001000d717        0x1 
 .rodata.user_irq_claim_unused.str1.4
                0x000000001000d718       0x1b CMakeFiles/application.dir/home/radon/Documents/temp/pico/pico-sdk/src/rp2_common/hardware_irq/irq.c.obj
 *fill*         0x000000001000d733        0x5 
 .rodata.at_the_end_of_time
                0x000000001000d738        0x8 CMakeFiles/application.dir/home/radon/Documents/temp/pico/pico-sdk/src/common/pico_time/time.c.obj
                0x000000001000d738                at_the_end_of_time
 .rodata.hardware_alarm_claim.str1.4
                0x000000001000d740       0x22 CMakeFiles/application.dir/home/radon/Documents/temp/pico/pico-sdk/src/rp2_common/hardware_timer/timer.c.obj
 *fill*         0x000000001000d762        0x2 
 .rodata.__assert_func.str1.4
                0x000000001000d764       0x3f CMakeFiles/application.dir/home/radon/Documents/temp/pico/pico-sdk/src/rp2_common/pico_runtime/runtime.c.obj
                                         0x43 (size before relaxing)
 *fill*         0x000000001000d7a3        0x1 
 .rodata.panic.str1.4
                0x000000001000d7a4       0x12 CMakeFiles/application.dir/home/radon/Documents/temp/pico/pico-sdk/src/rp2_common/pico_runtime/runtime.c.obj
 *fill*         0x000000001000d7b6        0x2 
 .rodata.hard_assertion_failure.str1.4
                0x000000001000d7b8        0xc CMakeFiles/application.dir/home/radon/Documents/temp/pico/pico-sdk/src/rp2_common/pico_runtime/runtime.c.obj
 .rodata._ftoa.str1.4
                0x000000001000d7c4       0x15 CMakeFiles/application.dir/home/radon/Documents/temp/pico/pico-sdk/src/rp2_common/pico_printf/printf.c.obj
 *fill*         0x000000001000d7d9        0x3 
 .rodata._vsnprintf
                0x000000001000d7dc      0x1e0 CMakeFiles/application.dir/home/radon/Documents/temp/pico/pico-sdk/src/rp2_common/pico_printf/printf.c.obj
 *fill*         0x000000001000d9bc        0x4 
 .rodata.pow10.0
                0x000000001000d9c0       0x50 CMakeFiles/application.dir/home/radon/Documents/temp/pico/pico-sdk/src/rp2_common/pico_printf/printf.c.obj
 .rodata.str1.4
                0x000000001000da10       0x40 CMakeFiles/application.dir/home/radon/Documents/temp/pico/pico-sdk/src/rp2_common/pico_standard_link/binary_info.c.obj
 .rodata.__bi_44
                0x000000001000da50        0xc CMakeFiles/application.dir/home/radon/Documents/temp/pico/pico-sdk/src/rp2_common/pico_standard_link/binary_info.c.obj
 .rodata.__bi_75
                0x000000001000da5c        0xc CMakeFiles/application.dir/home/radon/Documents/temp/pico/pico-sdk/src/rp2_common/pico_standard_link/binary_info.c.obj
 .rodata.__bi_81
                0x000000001000da68        0xc CMakeFiles/application.dir/home/radon/Documents/temp/pico/pico-sdk/src/rp2_common/pico_standard_link/binary_info.c.obj
 .rodata.crlf_str.0
                0x000000001000da74        0x2 CMakeFiles/application.dir/home/radon/Documents/temp/pico/pico-sdk/src/rp2_common/pico_stdio/stdio.c.obj
 *fill*         0x000000001000da76        0x2 
 .rodata._resetd_driver
                0x000000001000da78       0x18 CMakeFiles/application.dir/home/radon/Documents/temp/pico/pico-sdk/src/rp2_common/pico_stdio_usb/reset_interface.c.obj
 .rodata.str1.4
                0x000000001000da90       0x13 CMakeFiles/application.dir/home/radon/Documents/temp/pico/pico-sdk/src/rp2_common/pico_stdio_usb/stdio_usb.c.obj
 *fill*         0x000000001000daa3        0x1 
 .rodata.__bi_118.0
                0x000000001000daa4        0xc CMakeFiles/application.dir/home/radon/Documents/temp/pico/pico-sdk/src/rp2_common/pico_stdio_usb/stdio_usb.c.obj
 .rodata.str1.4
                0x000000001000dab0       0x2a CMakeFiles/application.dir/home/radon/Documents/temp/pico/pico-sdk/src/rp2_common/pico_stdio_usb/stdio_usb_descriptors.c.obj
 *fill*         0x000000001000dada        0x2 
 .rodata.usbd_desc_cfg
                0x000000001000dadc       0x54 CMakeFiles/application.dir/home/radon/Documents/temp/pico/pico-sdk/src/rp2_common/pico_stdio_usb/stdio_usb_descriptors.c.obj
 .rodata.usbd_desc_device
                0x000000001000db30       0x12 CMakeFiles/application.dir/home/radon/Documents/temp/pico/pico-sdk/src/rp2_common/pico_stdio_usb/stdio_usb_descriptors.c.obj
 *fill*         0x000000001000db42        0x2 
 .rodata.usbd_desc_str
                0x000000001000db44       0x18 CMakeFiles/application.dir/home/radon/Documents/temp/pico/pico-sdk/src/rp2_common/pico_stdio_usb/stdio_usb_descriptors.c.obj
 .rodata.dcd_rp2040_irq.str1.4
                0x000000001000db5c       0x14 CMakeFiles/application.dir/home/radon/Documents/temp/pico/pico-sdk/lib/tinyusb/src/portable/raspberrypi/rp2040/dcd_rp2040.c.obj
 .rodata._hw_endpoint_buffer_control_update32.part.0.isra.0.str1.4
                0x000000001000db70       0x1f CMakeFiles/application.dir/home/radon/Documents/temp/pico/pico-sdk/lib/tinyusb/src/portable/raspberrypi/rp2040/rp2040_usb.c.obj
 *fill*         0x000000001000db8f        0x1 
 .rodata.hw_endpoint_xfer_continue.str1.4
                0x000000001000db90       0x29 CMakeFiles/application.dir/home/radon/Documents/temp/pico/pico-sdk/lib/tinyusb/src/portable/raspberrypi/rp2040/rp2040_usb.c.obj
 *fill*         0x000000001000dbb9        0x3 
 .rodata.str1.4
                0x000000001000dbbc        0x7 CMakeFiles/application.dir/home/radon/Documents/temp/pico/pico-sdk/lib/tinyusb/src/portable/raspberrypi/rp2040/rp2040_usb.c.obj
 *fill*         0x000000001000dbc3        0x1 
 .rodata.tud_task
                0x000000001000dbc4       0x8c CMakeFiles/application.dir/home/radon/Documents/temp/pico/pico-sdk/lib/tinyusb/src/device/usbd.c.obj
 .rodata._usbd_driver
                0x000000001000dc50       0x18 CMakeFiles/application.dir/home/radon/Documents/temp/pico/pico-sdk/lib/tinyusb/src/device/usbd.c.obj
 .rodata        0x000000001000dc68        0x4 /usr/lib/gcc/arm-none-eabi/10.3.1/../../../arm-none-eabi/lib/thumb/v6-m/nofp/libc.a(lib_a-impure.o)
                0x000000001000dc68                _global_impure_ptr
 .rodata.str1.4
                0x000000001000dc6c        0x5 /usr/lib/gcc/arm-none-eabi/10.3.1/../../../arm-none-eabi/lib/thumb/v6-m/nofp/libc.a(lib_a-svfscanf.o)
                                          0x9 (size before relaxing)
 *fill*         0x000000001000dc71        0x3 
 .rodata        0x000000001000dc74      0x3e6 /usr/lib/gcc/arm-none-eabi/10.3.1/../../../arm-none-eabi/lib/thumb/v6-m/nofp/libc.a(lib_a-svfscanf.o)
 *fill*         0x000000001000e05a        0x2 
 .rodata        0x000000001000e05c      0x101 /usr/lib/gcc/arm-none-eabi/10.3.1/../../../arm-none-eabi/lib/thumb/v6-m/nofp/libc.a(lib_a-ctype_.o)
                0x000000001000e05c                _ctype_
 *fill*         0x000000001000e15d        0x3 
 .rodata.str1.4
                0x000000001000e160        0xa /usr/lib/gcc/arm-none-eabi/10.3.1/../../../arm-none-eabi/lib/thumb/v6-m/nofp/libc.a(lib_a-locale.o)
                                         0x12 (size before relaxing)
 .rodata.str1.4
                0x000000001000e16a        0x1 /usr/lib/gcc/arm-none-eabi/10.3.1/../../../arm-none-eabi/lib/thumb/v6-m/nofp/libc.a(lib_a-mbrtowc.o)
 *fill*         0x000000001000e16a        0x2 
 .rodata.str1.4
                0x000000001000e16c        0xf /usr/lib/gcc/arm-none-eabi/10.3.1/../../../arm-none-eabi/lib/thumb/v6-m/nofp/libc.a(lib_a-strtod.o)
                                         0x11 (size before relaxing)
 *fill*         0x000000001000e17b        0x5 
 .rodata        0x000000001000e180      0x120 /usr/lib/gcc/arm-none-eabi/10.3.1/../../../arm-none-eabi/lib/thumb/v6-m/nofp/libc.a(lib_a-strtod.o)
 .rodata        0x000000001000e2a0      0x2aa /usr/lib/gcc/arm-none-eabi/10.3.1/../../../arm-none-eabi/lib/thumb/v6-m/nofp/libc.a(lib_a-svfiscanf.o)
 *fill*         0x000000001000e54a        0x2 
 .rodata.str1.4
                0x000000001000e54c       0x4e /usr/lib/gcc/arm-none-eabi/10.3.1/../../../arm-none-eabi/lib/thumb/v6-m/nofp/libc.a(lib_a-gdtoa-gethex.o)
 *fill*         0x000000001000e59a        0x2 
 .rodata        0x000000001000e59c      0x100 /usr/lib/gcc/arm-none-eabi/10.3.1/../../../arm-none-eabi/lib/thumb/v6-m/nofp/libc.a(lib_a-gdtoa-gethex.o)
                0x000000001000e59c                __hexdig
 .rodata.str1.4
                0x000000001000e69c        0x5 /usr/lib/gcc/arm-none-eabi/10.3.1/../../../arm-none-eabi/lib/thumb/v6-m/nofp/libc.a(lib_a-lnumeric.o)
 .rodata        0x000000001000e69c        0xc /usr/lib/gcc/arm-none-eabi/10.3.1/../../../arm-none-eabi/lib/thumb/v6-m/nofp/libc.a(lib_a-lnumeric.o)
                0x000000001000e69c                _C_numeric_locale
 .rodata.str1.4
                0x000000001000e6a8       0x33 /usr/lib/gcc/arm-none-eabi/10.3.1/../../../arm-none-eabi/lib/thumb/v6-m/nofp/libc.a(lib_a-mprec.o)
                                         0x47 (size before relaxing)
 *fill*         0x000000001000e6db        0x5 
 .rodata        0x000000001000e6e0      0x128 /usr/lib/gcc/arm-none-eabi/10.3.1/../../../arm-none-eabi/lib/thumb/v6-m/nofp/libc.a(lib_a-mprec.o)
                0x000000001000e6f0                __mprec_tinytens
                0x000000001000e718                __mprec_bigtens
                0x000000001000e740                __mprec_tens
                0x000000001000e808                . = ALIGN (0x4)
 *(SORT_BY_ALIGNMENT(SORT_BY_NAME(.flashdata*)))
                0x000000001000e808                . = ALIGN (0x4)

.rel.dyn        0x000000001000e808        0x0
 .rel.iplt      0x000000001000e808        0x0 /usr/lib/gcc/arm-none-eabi/10.3.1/thumb/v6-m/nofp/crtbegin.o

.ARM.extab
 *(.ARM.extab* .gnu.linkonce.armextab.*)
                0x000000001000e808                __exidx_start = .

.ARM.exidx
 *(.ARM.exidx* .gnu.linkonce.armexidx.*)
                0x000000001000e808                __exidx_end = .
                0x000000001000e808                . = ALIGN (0x4)
                0x000000001000e808                __binary_info_start = .

.binary_info    0x000000001000e808       0x20
 *(.binary_info.keep.*)
 .binary_info.keep.__bi_ptr22
                0x000000001000e808        0x4 CMakeFiles/application.dir/home/radon/Documents/temp/pico/pico-sdk/src/rp2_common/pico_standard_link/binary_info.c.obj
 .binary_info.keep.__bi_ptr30
                0x000000001000e80c        0x4 CMakeFiles/application.dir/home/radon/Documents/temp/pico/pico-sdk/src/rp2_common/pico_standard_link/binary_info.c.obj
 .binary_info.keep.__bi_ptr38
                0x000000001000e810        0x4 CMakeFiles/application.dir/home/radon/Documents/temp/pico/pico-sdk/src/rp2_common/pico_standard_link/binary_info.c.obj
 .binary_info.keep.__bi_ptr44
                0x000000001000e814        0x4 CMakeFiles/application.dir/home/radon/Documents/temp/pico/pico-sdk/src/rp2_common/pico_standard_link/binary_info.c.obj
 .binary_info.keep.__bi_ptr50
                0x000000001000e818        0x4 CMakeFiles/application.dir/home/radon/Documents/temp/pico/pico-sdk/src/rp2_common/pico_standard_link/binary_info.c.obj
 .binary_info.keep.__bi_ptr75
                0x000000001000e81c        0x4 CMakeFiles/application.dir/home/radon/Documents/temp/pico/pico-sdk/src/rp2_common/pico_standard_link/binary_info.c.obj
 .binary_info.keep.__bi_ptr81
                0x000000001000e820        0x4 CMakeFiles/application.dir/home/radon/Documents/temp/pico/pico-sdk/src/rp2_common/pico_standard_link/binary_info.c.obj
 *(.binary_info.*)
 .binary_info.__bi_ptr118
                0x000000001000e824        0x4 CMakeFiles/application.dir/home/radon/Documents/temp/pico/pico-sdk/src/rp2_common/pico_stdio_usb/stdio_usb.c.obj
                0x000000001000e828                __binary_info_end = .
                0x000000001000e828                . = ALIGN (0x4)
                0x000000001000e828                __etext = .

.ram_vector_table
                0x0000000020000000       0xc0
 *(.ram_vector_table)
 .ram_vector_table
                0x0000000020000000       0xc0 CMakeFiles/application.dir/home/radon/Documents/temp/pico/pico-sdk/src/rp2_common/pico_runtime/runtime.c.obj
                0x0000000020000000                ram_vector_table

.data           0x00000000200000c0      0xe28 load address 0x000000001000e828
                0x00000000200000c0                __data_start__ = .
 *(vtable)
 *(.time_critical*)
 .time_critical.mutex_enter_blocking
                0x00000000200000c0       0x48 CMakeFiles/application.dir/home/radon/Documents/temp/pico/pico-sdk/src/common/pico_sync/mutex.c.obj
                0x00000000200000c0                mutex_enter_blocking
 .time_critical.mutex_try_enter
                0x0000000020000108       0x44 CMakeFiles/application.dir/home/radon/Documents/temp/pico/pico-sdk/src/common/pico_sync/mutex.c.obj
                0x0000000020000108                mutex_try_enter
 .time_critical.mutex_enter_timeout_ms
                0x000000002000014c       0xa0 CMakeFiles/application.dir/home/radon/Documents/temp/pico/pico-sdk/src/common/pico_sync/mutex.c.obj
                0x000000002000014c                mutex_enter_timeout_ms
 .time_critical.mutex_exit
                0x00000000200001ec       0x28 CMakeFiles/application.dir/home/radon/Documents/temp/pico/pico-sdk/src/common/pico_sync/mutex.c.obj
                0x00000000200001ec                mutex_exit
 .time_critical.flash_init_boot2_copyout
                0x0000000020000214       0x30 CMakeFiles/application.dir/home/radon/Documents/temp/pico/pico-sdk/src/rp2_common/hardware_flash/flash.c.obj
 .time_critical.flash_enable_xip_via_boot2
                0x0000000020000244       0x10 CMakeFiles/application.dir/home/radon/Documents/temp/pico/pico-sdk/src/rp2_common/hardware_flash/flash.c.obj
 .time_critical.flash_cs_force
                0x0000000020000254       0x38 CMakeFiles/application.dir/home/radon/Documents/temp/pico/pico-sdk/src/rp2_common/hardware_flash/flash.c.obj
 .time_critical.flash_do_cmd
                0x000000002000028c       0xc4 CMakeFiles/application.dir/home/radon/Documents/temp/pico/pico-sdk/src/rp2_common/hardware_flash/flash.c.obj
                0x000000002000028c                flash_do_cmd
 *(.text*)
 .text          0x0000000020000350        0x4 /usr/lib/gcc/arm-none-eabi/10.3.1/thumb/v6-m/nofp/libgcc.a(_dvmd_tls.o)
                0x0000000020000350                __aeabi_ldiv0
                0x0000000020000350                __aeabi_idiv0
 .text          0x0000000020000354       0xac /usr/lib/gcc/arm-none-eabi/10.3.1/../../../arm-none-eabi/lib/thumb/v6-m/nofp/libc.a(lib_a-memmove.o)
                0x0000000020000354                memmove
 .text.__stub   0x0000000020000400       0x30 linker stubs
                0x0000000020000430                . = ALIGN (0x4)
 *(.rodata*)
                0x0000000020000430                . = ALIGN (0x4)
 *(.data*)
 .data.f3       0x0000000020000430        0x4 CMakeFiles/application.dir/app/src/main.cpp.obj
                0x0000000020000430                f3
 .data.striped_spin_lock_num
                0x0000000020000434        0x1 CMakeFiles/application.dir/home/radon/Documents/temp/pico/pico-sdk/src/rp2_common/hardware_sync/sync.c.obj
 *fill*         0x0000000020000435        0x3 
 .data          0x0000000020000438       0x48 CMakeFiles/application.dir/home/radon/Documents/temp/pico/pico-sdk/src/rp2_common/hardware_irq/irq_handler_chain.S.obj
                0x0000000020000438                irq_handler_chain_slots
                0x0000000020000468                irq_handler_chain_first_slot
                0x0000000020000472                irq_handler_chain_remove_tail
 .data.default_alarm_pool
                0x0000000020000480       0x18 CMakeFiles/application.dir/home/radon/Documents/temp/pico/pico-sdk/src/common/pico_time/time.c.obj
 .data.default_alarm_pool_heap
                0x0000000020000498       0x10 CMakeFiles/application.dir/home/radon/Documents/temp/pico/pico-sdk/src/common/pico_time/time.c.obj
 *fill*         0x00000000200004a8        0x8 
 .data.aeabi_bits_funcs
                0x00000000200004b0       0x10 CMakeFiles/application.dir/home/radon/Documents/temp/pico/pico-sdk/src/rp2_common/pico_bit_ops/bit_ops_aeabi.S.obj
                0x00000000200004b0                aeabi_bits_funcs
                0x00000000200004c0                aeabi_bits_funcs_end
 .data.aeabi_mem_funcs
                0x00000000200004c0       0x10 CMakeFiles/application.dir/home/radon/Documents/temp/pico/pico-sdk/src/rp2_common/pico_mem_ops/mem_ops_aeabi.S.obj
                0x00000000200004c0                aeabi_mem_funcs
                0x00000000200004d0                aeabi_mem_funcs_end
 .data.stdio_usb
                0x00000000200004d0       0x14 CMakeFiles/application.dir/home/radon/Documents/temp/pico/pico-sdk/src/rp2_common/pico_stdio_usb/stdio_usb.c.obj
                0x00000000200004d0                stdio_usb
 .data.ep_dir_string
                0x00000000200004e4        0x8 CMakeFiles/application.dir/home/radon/Documents/temp/pico/pico-sdk/lib/tinyusb/src/portable/raspberrypi/rp2040/rp2040_usb.c.obj
                0x00000000200004e4                ep_dir_string
 .data._usbd_qdef
                0x00000000200004ec       0x24 CMakeFiles/application.dir/home/radon/Documents/temp/pico/pico-sdk/lib/tinyusb/src/device/usbd.c.obj
                0x00000000200004ec                _usbd_qdef
 .data          0x0000000020000510      0x430 /usr/lib/gcc/arm-none-eabi/10.3.1/../../../arm-none-eabi/lib/thumb/v6-m/nofp/libc.a(lib_a-impure.o)
                0x0000000020000510                _impure_ptr
 .data          0x0000000020000940      0x410 /usr/lib/gcc/arm-none-eabi/10.3.1/../../../arm-none-eabi/lib/thumb/v6-m/nofp/libc.a(lib_a-mallocr.o)
                0x0000000020000940                __malloc_sbrk_base
                0x0000000020000944                __malloc_trim_threshold
                0x0000000020000948                __malloc_av_
 .data          0x0000000020000d50      0x16c /usr/lib/gcc/arm-none-eabi/10.3.1/../../../arm-none-eabi/lib/thumb/v6-m/nofp/libc.a(lib_a-locale.o)
                0x0000000020000d50                __global_locale
 .data          0x0000000020000ebc        0x2 /usr/lib/gcc/arm-none-eabi/10.3.1/../../../arm-none-eabi/lib/thumb/v6-m/nofp/libc.a(lib_a-lnumeric.o)
                0x0000000020000ec0                . = ALIGN (0x4)
 *fill*         0x0000000020000ebe        0x2 
 *(.after_data.*)
                0x0000000020000ec0                . = ALIGN (0x4)
                0x0000000020000ec0                PROVIDE (__mutex_array_start = .)
 *(SORT_BY_NAME(.mutex_array.*))
 *(.mutex_array)
 .mutex_array   0x0000000020000ec0        0x8 CMakeFiles/application.dir/home/radon/Documents/temp/pico/pico-sdk/src/rp2_common/pico_malloc/pico_malloc.c.obj
 .mutex_array   0x0000000020000ec8        0x8 CMakeFiles/application.dir/home/radon/Documents/temp/pico/pico-sdk/src/rp2_common/pico_stdio/stdio.c.obj
                0x0000000020000ed0                PROVIDE (__mutex_array_end = .)
                0x0000000020000ed0                . = ALIGN (0x4)
                0x0000000020000ed0                PROVIDE (__preinit_array_start = .)
 *(SORT_BY_NAME(.preinit_array.*))
 .preinit_array.00001
                0x0000000020000ed0        0x4 CMakeFiles/application.dir/home/radon/Documents/temp/pico/pico-sdk/src/rp2_common/pico_mem_ops/mem_ops_aeabi.S.obj
 .preinit_array.00010
                0x0000000020000ed4        0x4 CMakeFiles/application.dir/home/radon/Documents/temp/pico/pico-sdk/src/rp2_common/pico_bit_ops/bit_ops_aeabi.S.obj
 .preinit_array.00020
                0x0000000020000ed8        0x4 CMakeFiles/application.dir/home/radon/Documents/temp/pico/pico-sdk/src/rp2_common/pico_double/double_aeabi.S.obj
 .preinit_array.00020
                0x0000000020000edc        0x4 CMakeFiles/application.dir/home/radon/Documents/temp/pico/pico-sdk/src/rp2_common/pico_float/float_aeabi.S.obj
 *(.preinit_array)
                0x0000000020000ee0                PROVIDE (__preinit_array_end = .)
                0x0000000020000ee0                . = ALIGN (0x4)
                0x0000000020000ee0                PROVIDE (__init_array_start = .)
 *(SORT_BY_NAME(.init_array.*))
 *(.init_array)
 .init_array    0x0000000020000ee0        0x4 /usr/lib/gcc/arm-none-eabi/10.3.1/thumb/v6-m/nofp/crtbegin.o
 .init_array    0x0000000020000ee4        0x4 CMakeFiles/application.dir/home/radon/Documents/temp/pico/pico-sdk/src/rp2_common/pico_unique_id/unique_id.c.obj
                0x0000000020000ee8                PROVIDE (__init_array_end = .)
                0x0000000020000ee8                . = ALIGN (0x4)
                0x0000000020000ee8                PROVIDE (__fini_array_start = .)
 *(SORT_BY_NAME(.fini_array.*))
 *(.fini_array)
                0x0000000020000ee8                PROVIDE (__fini_array_end = .)
 *(.jcr)
                0x0000000020000ee8                . = ALIGN (0x4)
                0x0000000020000ee8                __data_end__ = .

.tm_clone_table
                0x0000000020000ee8        0x0 load address 0x000000001000f650
 .tm_clone_table
                0x0000000020000ee8        0x0 /usr/lib/gcc/arm-none-eabi/10.3.1/thumb/v6-m/nofp/crtbegin.o
 .tm_clone_table
                0x0000000020000ee8        0x0 /usr/lib/gcc/arm-none-eabi/10.3.1/thumb/v6-m/nofp/crtend.o

.igot.plt       0x0000000020000ee8        0x0 load address 0x000000001000f650
 .igot.plt      0x0000000020000ee8        0x0 /usr/lib/gcc/arm-none-eabi/10.3.1/thumb/v6-m/nofp/crtbegin.o

.uninitialized_data
                0x0000000020000ee8        0x0 load address 0x000000001000f650
                0x0000000020000ee8                . = ALIGN (0x4)
 *(.uninitialized_data*)

.scratch_x      0x0000000020040000        0x0 load address 0x000000001000f650
                0x0000000020040000                __scratch_x_start__ = .
 *(.scratch_x.*)
                0x0000000020040000                . = ALIGN (0x4)
                0x0000000020040000                __scratch_x_end__ = .
                0x000000001000f650                __scratch_x_source__ = LOADADDR (.scratch_x)

.scratch_y      0x0000000020041000        0x0 load address 0x000000001000f650
                0x0000000020041000                __scratch_y_start__ = .
 *(.scratch_y.*)
                0x0000000020041000                . = ALIGN (0x4)
                0x0000000020041000                __scratch_y_end__ = .
                0x000000001000f650                __scratch_y_source__ = LOADADDR (.scratch_y)

.bss            0x0000000020000ee8      0xdcc
                0x0000000020000ee8                . = ALIGN (0x4)
                0x0000000020000ee8                __bss_start__ = .
 *(SORT_BY_ALIGNMENT(SORT_BY_NAME(.bss*)))
 .bss.default_alarm_pool_entries